Component: ARM Compiler 5.06 update 6 (build 750) Tool: armlink [4d35ed]

==============================================================================

Section Cross References

    startup_stm32h750xx.o(STACK) refers (Special) to heapauxi.o(.text) for __use_two_region_memory
    startup_stm32h750xx.o(HEAP) refers (Special) to heapauxi.o(.text) for __use_two_region_memory
    startup_stm32h750xx.o(RESET) refers (Special) to heapauxi.o(.text) for __use_two_region_memory
    startup_stm32h750xx.o(RESET) refers to startup_stm32h750xx.o(STACK) for __initial_sp
    startup_stm32h750xx.o(RESET) refers to startup_stm32h750xx.o(.text) for Reset_Handler
    startup_stm32h750xx.o(RESET) refers to stm32h7xx_it.o(i.NMI_Handler) for NMI_Handler
    startup_stm32h750xx.o(RESET) refers to stm32h7xx_it.o(i.HardFault_Handler) for HardFault_Handler
    startup_stm32h750xx.o(RESET) refers to stm32h7xx_it.o(i.MemManage_Handler) for MemManage_Handler
    startup_stm32h750xx.o(RESET) refers to stm32h7xx_it.o(i.BusFault_Handler) for BusFault_Handler
    startup_stm32h750xx.o(RESET) refers to stm32h7xx_it.o(i.UsageFault_Handler) for UsageFault_Handler
    startup_stm32h750xx.o(RESET) refers to stm32h7xx_it.o(i.SVC_Handler) for SVC_Handler
    startup_stm32h750xx.o(RESET) refers to stm32h7xx_it.o(i.DebugMon_Handler) for DebugMon_Handler
    startup_stm32h750xx.o(RESET) refers to stm32h7xx_it.o(i.PendSV_Handler) for PendSV_Handler
    startup_stm32h750xx.o(RESET) refers to stm32h7xx_it.o(i.SysTick_Handler) for SysTick_Handler
    startup_stm32h750xx.o(RESET) refers to stm32h7xx_it.o(i.DMA1_Stream0_IRQHandler) for DMA1_Stream0_IRQHandler
    startup_stm32h750xx.o(RESET) refers to stm32h7xx_it.o(i.DMA1_Stream1_IRQHandler) for DMA1_Stream1_IRQHandler
    startup_stm32h750xx.o(RESET) refers to stm32h7xx_it.o(i.UART5_IRQHandler) for UART5_IRQHandler
    startup_stm32h750xx.o(RESET) refers to stm32h7xx_it.o(i.USART6_IRQHandler) for USART6_IRQHandler
    startup_stm32h750xx.o(.text) refers (Special) to heapauxi.o(.text) for __use_two_region_memory
    startup_stm32h750xx.o(.text) refers to system_stm32h7xx.o(i.SystemInit) for SystemInit
    startup_stm32h750xx.o(.text) refers to __main.o(!!!main) for __main
    startup_stm32h750xx.o(.text) refers to startup_stm32h750xx.o(HEAP) for Heap_Mem
    startup_stm32h750xx.o(.text) refers to startup_stm32h750xx.o(STACK) for Stack_Mem
    main.o(i.MPU_Config) refers to stm32h7xx_hal_cortex.o(i.HAL_MPU_Disable) for HAL_MPU_Disable
    main.o(i.MPU_Config) refers to stm32h7xx_hal_cortex.o(i.HAL_MPU_ConfigRegion) for HAL_MPU_ConfigRegion
    main.o(i.MPU_Config) refers to stm32h7xx_hal_cortex.o(i.HAL_MPU_Enable) for HAL_MPU_Enable
    main.o(i.MX_DMA_Init) refers to stm32h7xx_hal_cortex.o(i.HAL_NVIC_SetPriority) for HAL_NVIC_SetPriority
    main.o(i.MX_DMA_Init) refers to stm32h7xx_hal_cortex.o(i.HAL_NVIC_EnableIRQ) for HAL_NVIC_EnableIRQ
    main.o(i.MX_UART5_Init) refers to stm32h7xx_hal_uart.o(i.HAL_UART_Init) for HAL_UART_Init
    main.o(i.MX_UART5_Init) refers to main.o(i.Error_Handler) for Error_Handler
    main.o(i.MX_UART5_Init) refers to stm32h7xx_hal_uart_ex.o(i.HAL_UARTEx_SetTxFifoThreshold) for HAL_UARTEx_SetTxFifoThreshold
    main.o(i.MX_UART5_Init) refers to stm32h7xx_hal_uart_ex.o(i.HAL_UARTEx_SetRxFifoThreshold) for HAL_UARTEx_SetRxFifoThreshold
    main.o(i.MX_UART5_Init) refers to stm32h7xx_hal_uart_ex.o(i.HAL_UARTEx_EnableFifoMode) for HAL_UARTEx_EnableFifoMode
    main.o(i.MX_UART5_Init) refers to main.o(.bss) for huart5
    main.o(i.MX_USART6_UART_Init) refers to stm32h7xx_hal_uart.o(i.HAL_UART_Init) for HAL_UART_Init
    main.o(i.MX_USART6_UART_Init) refers to main.o(i.Error_Handler) for Error_Handler
    main.o(i.MX_USART6_UART_Init) refers to stm32h7xx_hal_uart_ex.o(i.HAL_UARTEx_SetTxFifoThreshold) for HAL_UARTEx_SetTxFifoThreshold
    main.o(i.MX_USART6_UART_Init) refers to stm32h7xx_hal_uart_ex.o(i.HAL_UARTEx_SetRxFifoThreshold) for HAL_UARTEx_SetRxFifoThreshold
    main.o(i.MX_USART6_UART_Init) refers to stm32h7xx_hal_uart_ex.o(i.HAL_UARTEx_EnableFifoMode) for HAL_UARTEx_EnableFifoMode
    main.o(i.MX_USART6_UART_Init) refers to main.o(.bss) for huart6
    main.o(i.SystemClock_Config) refers to rt_memclr_w.o(.text) for __aeabi_memclr4
    main.o(i.SystemClock_Config) refers to stm32h7xx_hal_pwr_ex.o(i.HAL_PWREx_ConfigSupply) for HAL_PWREx_ConfigSupply
    main.o(i.SystemClock_Config) refers to stm32h7xx_hal_rcc.o(i.HAL_RCC_OscConfig) for HAL_RCC_OscConfig
    main.o(i.SystemClock_Config) refers to main.o(i.Error_Handler) for Error_Handler
    main.o(i.SystemClock_Config) refers to stm32h7xx_hal_rcc.o(i.HAL_RCC_ClockConfig) for HAL_RCC_ClockConfig
    main.o(i.main) refers to main.o(i.MPU_Config) for MPU_Config
    main.o(i.main) refers to stm32h7xx_hal.o(i.HAL_Init) for HAL_Init
    main.o(i.main) refers to main.o(i.SystemClock_Config) for SystemClock_Config
    main.o(i.main) refers to main.o(i.MX_GPIO_Init) for MX_GPIO_Init
[...]
    Removing stm32h7xx_hal_uart.o(i.UART_DMATxOnlyAbortCallback), (46 bytes).
    Removing stm32h7xx_hal_uart.o(i.UART_RxISR_16BIT), (146 bytes).
    Removing stm32h7xx_hal_uart.o(i.UART_RxISR_16BIT_FIFOEN), (356 bytes).
    Removing stm32h7xx_hal_uart.o(i.UART_RxISR_8BIT), (142 bytes).
    Removing stm32h7xx_hal_uart.o(i.UART_RxISR_8BIT_FIFOEN), (356 bytes).
    Removing stm32h7xx_hal_uart.o(i.UART_Start_Receive_DMA), (160 bytes).
    Removing stm32h7xx_hal_uart.o(i.UART_Start_Receive_IT), (272 bytes).
    Removing stm32h7xx_hal_uart.o(i.UART_TxISR_16BIT), (70 bytes).
    Removing stm32h7xx_hal_uart.o(i.UART_TxISR_16BIT_FIFOEN), (98 bytes).
    Removing stm32h7xx_hal_uart.o(i.UART_TxISR_8BIT), (66 bytes).
    Removing stm32h7xx_hal_uart.o(i.UART_TxISR_8BIT_FIFOEN), (92 bytes).
    Removing stm32h7xx_hal_uart_ex.o(.rev16_text), (4 bytes).
    Removing stm32h7xx_hal_uart_ex.o(.revsh_text), (4 bytes).
    Removing stm32h7xx_hal_uart_ex.o(.rrx_text), (6 bytes).
    Removing stm32h7xx_hal_uart_ex.o(i.HAL_MultiProcessorEx_AddressLength_Set), (64 bytes).
    Removing stm32h7xx_hal_uart_ex.o(i.HAL_RS485Ex_Init), (152 bytes).
    Removing stm32h7xx_hal_uart_ex.o(i.HAL_UARTEx_DisableFifoMode), (78 bytes).
    Removing stm32h7xx_hal_uart_ex.o(i.HAL_UARTEx_DisableStopMode), (50 bytes).
    Removing stm32h7xx_hal_uart_ex.o(i.HAL_UARTEx_EnableStopMode), (50 bytes).
    Removing stm32h7xx_hal_uart_ex.o(i.HAL_UARTEx_ReceiveToIdle), (384 bytes).
    Removing stm32h7xx_hal_uart_ex.o(i.HAL_UARTEx_ReceiveToIdle_DMA), (102 bytes).
    Removing stm32h7xx_hal_uart_ex.o(i.HAL_UARTEx_ReceiveToIdle_IT), (102 bytes).
    Removing stm32h7xx_hal_uart_ex.o(i.HAL_UARTEx_StopModeWakeUpSourceConfig), (144 bytes).
    Removing stm32h7xx_hal_uart_ex.o(i.UARTEx_Wakeup_AddressConfig), (38 bytes).
    Removing system_stm32h7xx.o(.rev16_text), (4 bytes).
    Removing system_stm32h7xx.o(.revsh_text), (4 bytes).
    Removing system_stm32h7xx.o(.rrx_text), (6 bytes).
    Removing system_stm32h7xx.o(i.SystemCoreClockUpdate), (564 bytes).

467 unused section(s) (total 47226 bytes) removed from the image.

==============================================================================

Image Symbol Table

    Local Symbols

    Symbol Name                              Value     Ov Type        Size  Object(Section)

    ../Core/Src/main.c                       0x00000000   Number         0  main.o ABSOLUTE
    ../Core/Src/stm32h7xx_hal_msp.c          0x00000000   Number         0  stm32h7xx_hal_msp.o ABSOLUTE
    ../Core/Src/stm32h7xx_it.c               0x00000000   Number         0  stm32h7xx_it.o ABSOLUTE
    ../Core/Src/system_stm32h7xx.c           0x00000000   Number         0  system_stm32h7xx.o ABSOLUTE
    ../Drivers/STM32H7xx_HAL_Driver/Src/stm32h7xx_hal.c 0x00000000   Number         0  stm32h7xx_hal.o ABSOLUTE
    ../Drivers/STM32H7xx_HAL_Driver/Src/stm32h7xx_hal_cortex.c 0x00000000   Number         0  stm32h7xx_hal_cortex.o ABSOLUTE
    ../Drivers/STM32H7xx_HAL_Driver/Src/stm32h7xx_hal_dma.c 0x00000000   Number         0  stm32h7xx_hal_dma.o ABSOLUTE
    ../Drivers/STM32H7xx_HAL_Driver/Src/stm32h7xx_hal_dma_ex.c 0x00000000   Number         0  stm32h7xx_hal_dma_ex.o ABSOLUTE
    ../Drivers/STM32H7xx_HAL_Driver/Src/stm32h7xx_hal_exti.c 0x00000000   Number         0  stm32h7xx_hal_exti.o ABSOLUTE
    ../Drivers/STM32H7xx_HAL_Driver/Src/stm32h7xx_hal_flash.c 0x00000000   Number         0  stm32h7xx_hal_flash.o ABSOLUTE
    ../Drivers/STM32H7xx_HAL_Driver/Src/stm32h7xx_hal_flash_ex.c 0x00000000   Number         0  stm32h7xx_hal_flash_ex.o ABSOLUTE
    ../Drivers/STM32H7xx_HAL_Driver/Src/stm32h7xx_hal_gpio.c 0x00000000   Number         0  stm32h7xx_hal_gpio.o ABSOLUTE
    ../Drivers/STM32H7xx_HAL_Driver/Src/stm32h7xx_hal_hsem.c 0x00000000   Number         0  stm32h7xx_hal_hsem.o ABSOLUTE
    ../Drivers/STM32H7xx_HAL_Driver/Src/stm32h7xx_hal_i2c.c 0x00000000   Number         0  stm32h7xx_hal_i2c.o ABSOLUTE
    ../Drivers/STM32H7xx_HAL_Driver/Src/stm32h7xx_hal_i2c_ex.c 0x00000000   Number         0  stm32h7xx_hal_i2c_ex.o ABSOLUTE
    ../Drivers/STM32H7xx_HAL_Driver/Src/stm32h7xx_hal_mdma.c 0x00000000   Number         0  stm32h7xx_hal_mdma.o ABSOLUTE
    ../Drivers/STM32H7xx_HAL_Driver/Src/stm32h7xx_hal_pwr.c 0x00000000   Number         0  stm32h7xx_hal_pwr.o ABSOLUTE
    ../Drivers/STM32H7xx_HAL_Driver/Src/stm32h7xx_hal_pwr_ex.c 0x00000000   Number         0  stm32h7xx_hal_pwr_ex.o ABSOLUTE
    ../Drivers/STM32H7xx_HAL_Driver/Src/stm32h7xx_hal_rcc.c 0x00000000   Number         0  stm32h7xx_hal_rcc.o ABSOLUTE
    ../Drivers/STM32H7xx_HAL_Driver/Src/stm32h7xx_hal_rcc_ex.c 0x00000000   Number         0  stm32h7xx_hal_rcc_ex.o ABSOLUTE
    ../Drivers/STM32H7xx_HAL_Driver/Src/stm32h7xx_hal_tim.c 0x00000000   Number         0  stm32h7xx_hal_tim.o ABSOLUTE
    ../Drivers/STM32H7xx_HAL_Driver/Src/stm32h7xx_hal_tim_ex.c 0x00000000   Number         0  stm32h7xx_hal_tim_ex.o ABSOLUTE
    ../Drivers/STM32H7xx_HAL_Driver/Src/stm32h7xx_hal_uart.c 0x00000000   Number         0  stm32h7xx_hal_uart.o ABSOLUTE
    ../Drivers/STM32H7xx_HAL_Driver/Src/stm32h7xx_hal_uart_ex.c 0x00000000   Number         0  stm32h7xx_hal_uart_ex.o ABSOLUTE
    ../clib/angel/boardlib.s                 0x00000000   Number         0  boardshut.o ABSOLUTE
    ../clib/angel/boardlib.s                 0x00000000   Number         0  boardinit3.o ABSOLUTE
    ../clib/angel/boardlib.s                 0x00000000   Number         0  boardinit2.o ABSOLUTE
    ../clib/angel/boardlib.s                 0x00000000   Number         0  boardinit1.o ABSOLUTE
    ../clib/angel/dczerorl2.s                0x00000000   Number         0  __dczerorl2.o ABSOLUTE
    ../clib/angel/handlers.s                 0x00000000   Number         0  __scatter_copy.o ABSOLUTE
    ../clib/angel/handlers.s                 0x00000000   Number         0  __scatter_zi.o ABSOLUTE
    ../clib/angel/kernel.s                   0x00000000   Number         0  rtexit2.o ABSOLUTE
    ../clib/angel/kernel.s                   0x00000000   Number         0  __rtentry.o ABSOLUTE
    ../clib/angel/kernel.s                   0x00000000   Number         0  __rtentry2.o ABSOLUTE
    ../clib/angel/kernel.s                   0x00000000   Number         0  __rtentry4.o ABSOLUTE
    ../clib/angel/kernel.s                   0x00000000   Number         0  rtexit.o ABSOLUTE
    ../clib/angel/rt.s                       0x00000000   Number         0  aeabi_ldiv0_sigfpe.o ABSOLUTE
    ../clib/angel/rt.s                       0x00000000   Number         0  rt_raise.o ABSOLUTE
    ../clib/angel/rt.s                       0x00000000   Number         0  rt_div0.o ABSOLUTE
    ../clib/angel/rt.s                       0x00000000   Number         0  aeabi_ldiv0.o ABSOLUTE
    ../clib/angel/scatter.s                  0x00000000   Number         0  __scatter.o ABSOLUTE
    ../clib/angel/startup.s                  0x00000000   Number         0  __main.o ABSOLUTE
    ../clib/angel/sys.s                      0x00000000   Number         0  libspace.o ABSOLUTE
    ../clib/angel/sys.s                      0x00000000   Number         0  indicate_semi.o ABSOLUTE
    ../clib/angel/sys.s                      0x00000000   Number         0  use_no_semi.o ABSOLUTE
    ../clib/angel/sys.s                      0x00000000   Number         0  sys_stackheap_outer.o ABSOLUTE
    ../clib/angel/sysapp.c                   0x00000000   Number         0  sys_command.o ABSOLUTE
    ../clib/angel/sysapp.c                   0x00000000   Number         0  sys_exit.o ABSOLUTE
    ../clib/angel/sysapp.c                   0x00000000   Number         0  sys_wrch.o ABSOLUTE
    ../clib/armsys.c                         0x00000000   Number         0  argv_veneer.o ABSOLUTE
    ../clib/armsys.c                         0x00000000   Number         0  argv_veneer.o ABSOLUTE
    ../clib/armsys.c                         0x00000000   Number         0  _get_argv_nomalloc.o ABSOLUTE
    ../clib/armsys.c                         0x00000000   Number         0  no_argv.o ABSOLUTE
    ../clib/heapalloc.c                      0x00000000   Number         0  hrguard.o ABSOLUTE
    ../clib/heapaux.c                        0x00000000   Number         0  heapauxi.o ABSOLUTE
    ../clib/libinit.s                        0x00000000   Number         0  libshutdown.o ABSOLUTE
    ../clib/libinit.s                        0x00000000   Number         0  libinit2.o ABSOLUTE
    ../clib/libinit.s                        0x00000000   Number         0  libinit.o ABSOLUTE
    ../clib/libinit.s                        0x00000000   Number         0  libshutdown2.o ABSOLUTE
    ../clib/longlong.s                       0x00000000   Number         0  lludivv7m.o ABSOLUTE
    ../clib/memcpset.s                       0x00000000   Number         0  rt_memclr_w.o ABSOLUTE
    ../clib/signal.c                         0x00000000   Number         0  defsig_rtred_inner.o ABSOLUTE
    ../clib/signal.c                         0x00000000   Number         0  defsig_exit.o ABSOLUTE
    ../clib/signal.c                         0x00000000   Number         0  defsig_general.o ABSOLUTE
    ../clib/signal.c                         0x00000000   Number         0  defsig_fpe_formal.o ABSOLUTE
    ../clib/signal.c                         0x00000000   Number         0  defsig_fpe_outer.o ABSOLUTE
    ../clib/signal.c                         0x00000000   Number         0  defsig_other.o ABSOLUTE
    ../clib/signal.c                         0x00000000   Number         0  defsig_segv_inner.o ABSOLUTE
    ../clib/signal.c                         0x00000000   Number         0  defsig_cppl_inner.o ABSOLUTE
    ../clib/signal.c                         0x00000000   Number         0  defsig_pvfn_inner.o ABSOLUTE
    ../clib/signal.c                         0x00000000   Number         0  defsig_stak_inner.o ABSOLUTE
    ../clib/signal.c                         0x00000000   Number         0  defsig_rtmem_formal.o ABSOLUTE
    ../clib/signal.c                         0x00000000   Number         0  defsig_rtmem_outer.o ABSOLUTE
    ../clib/signal.c                         0x00000000   Number         0  defsig_rtmem_inner.o ABSOLUTE
    ../clib/signal.c                         0x00000000   Number         0  defsig_abrt_inner.o ABSOLUTE
    ../clib/signal.c                         0x00000000   Number         0  __raise.o ABSOLUTE
    ../clib/signal.c                         0x00000000   Number         0  defsig_fpe_inner.o ABSOLUTE
    ../clib/signal.s                         0x00000000   Number         0  defsig.o ABSOLUTE
    ../clib/stdlib.c                         0x00000000   Number         0  exit.o ABSOLUTE
    ../fplib/fpinit.s                        0x00000000   Number         0  fpinit.o ABSOLUTE
    ..\Core\Src\main.c                       0x00000000   Number         0  main.o ABSOLUTE
    ..\Core\Src\stm32h7xx_hal_msp.c          0x00000000   Number         0  stm32h7xx_hal_msp.o ABSOLUTE
    ..\Core\Src\stm32h7xx_it.c               0x00000000   Number         0  stm32h7xx_it.o ABSOLUTE
    ..\Core\Src\system_stm32h7xx.c           0x00000000   Number         0  system_stm32h7xx.o ABSOLUTE
    ..\Drivers\STM32H7xx_HAL_Driver\Src\stm32h7xx_hal.c 0x00000000   Number         0  stm32h7xx_hal.o ABSOLUTE
    ..\Drivers\STM32H7xx_HAL_Driver\Src\stm32h7xx_hal_cortex.c 0x00000000   Number         0  stm32h7xx_hal_cortex.o ABSOLUTE
    ..\Drivers\STM32H7xx_HAL_Driver\Src\stm32h7xx_hal_dma.c 0x00000000   Number         0  stm32h7xx_hal_dma.o ABSOLUTE
    ..\Drivers\STM32H7xx_HAL_Driver\Src\stm32h7xx_hal_dma_ex.c 0x00000000   Number         0  stm32h7xx_hal_dma_ex.o ABSOLUTE
    ..\Drivers\STM32H7xx_HAL_Driver\Src\stm32h7xx_hal_exti.c 0x00000000   Number         0  stm32h7xx_hal_exti.o ABSOLUTE
    ..\Drivers\STM32H7xx_HAL_Driver\Src\stm32h7xx_hal_flash.c 0x00000000   Number         0  stm32h7xx_hal_flash.o ABSOLUTE
    ..\Drivers\STM32H7xx_HAL_Driver\Src\stm32h7xx_hal_flash_ex.c 0x00000000   Number         0  stm32h7xx_hal_flash_ex.o ABSOLUTE
    ..\Drivers\STM32H7xx_HAL_Driver\Src\stm32h7xx_hal_gpio.c 0x00000000   Number         0  stm32h7xx_hal_gpio.o ABSOLUTE
    ..\Drivers\STM32H7xx_HAL_Driver\Src\stm32h7xx_hal_hsem.c 0x00000000   Number         0  stm32h7xx_hal_hsem.o ABSOLUTE
    ..\Drivers\STM32H7xx_HAL_Driver\Src\stm32h7xx_hal_i2c.c 0x00000000   Number         0  stm32h7xx_hal_i2c.o ABSOLUTE
    ..\Drivers\STM32H7xx_HAL_Driver\Src\stm32h7xx_hal_i2c_ex.c 0x00000000   Number         0  stm32h7xx_hal_i2c_ex.o ABSOLUTE
    ..\Drivers\STM32H7xx_HAL_Driver\Src\stm32h7xx_hal_mdma.c 0x00000000   Number         0  stm32h7xx_hal_mdma.o ABSOLUTE
    ..\Drivers\STM32H7xx_HAL_Driver\Src\stm32h7xx_hal_pwr.c 0x00000000   Number         0  stm32h7xx_hal_pwr.o ABSOLUTE
    ..\Drivers\STM32H7xx_HAL_Driver\Src\stm32h7xx_hal_pwr_ex.c 0x00000000   Number         0  stm32h7xx_hal_pwr_ex.o ABSOLUTE
    ..\Drivers\STM32H7xx_HAL_Driver\Src\stm32h7xx_hal_rcc.c 0x00000000   Number         0  stm32h7xx_hal_rcc.o ABSOLUTE
    ..\Drivers\STM32H7xx_HAL_Driver\Src\stm32h7xx_hal_rcc_ex.c 0x00000000   Number         0  stm32h7xx_hal_rcc_ex.o ABSOLUTE
    ..\Drivers\STM32H7xx_HAL_Driver\Src\stm32h7xx_hal_tim.c 0x00000000   Number         0  stm32h7xx_hal_tim.o ABSOLUTE
    ..\Drivers\STM32H7xx_HAL_Driver\Src\stm32h7xx_hal_tim_ex.c 0x00000000   Number         0  stm32h7xx_hal_tim_ex.o ABSOLUTE
    ..\Drivers\STM32H7xx_HAL_Driver\Src\stm32h7xx_hal_uart.c 0x00000000   Number         0  stm32h7xx_hal_uart.o ABSOLUTE
    ..\Drivers\STM32H7xx_HAL_Driver\Src\stm32h7xx_hal_uart_ex.c 0x00000000   Number         0  stm32h7xx_hal_uart_ex.o ABSOLUTE
    dc.s                                     0x00000000   Number         0  dc.o ABSOLUTE
    startup_stm32h750xx.s                    0x00000000   Number         0  startup_stm32h750xx.o ABSOLUTE
    RESET                                    0x08000000   Section      664  startup_stm32h750xx.o(RESET)
    !!!main                                  0x08000298   Section        8  __main.o(!!!main)
    !!!scatter                               0x080002a0   Section       52  __scatter.o(!!!scatter)
    !!dczerorl2                              0x080002d4   Section       90  __dczerorl2.o(!!dczerorl2)
    !!handler_copy                           0x08000330   Section       26  __scatter_copy.o(!!handler_copy)
    !!handler_zi                             0x0800034c   Section       28  __scatter_zi.o(!!handler_zi)
    .ARM.Collect$$libinit$$00000000          0x08000368   Section        2  libinit.o(.ARM.Collect$$libinit$$00000000)
    .ARM.Collect$$libinit$$00000001          0x0800036a   Section        4  libinit2.o(.ARM.Collect$$libinit$$00000001)
    .ARM.Collect$$libinit$$00000004          0x0800036e   Section        0  libinit2.o(.ARM.Collect$$libinit$$00000004)
    .ARM.Collect$$libinit$$0000000A          0x0800036e   Section        0  libinit2.o(.ARM.Collect$$libinit$$0000000A)
    .ARM.Collect$$libinit$$0000000C          0x0800036e   Section        0  libinit2.o(.ARM.Collect$$libinit$$0000000C)
    .ARM.Collect$$libinit$$0000000E          0x0800036e   Section        0  libinit2.o(.ARM.Collect$$libinit$$0000000E)
    .ARM.Collect$$libinit$$00000011          0x0800036e   Section        0  libinit2.o(.ARM.Collect$$libinit$$00000011)
    .ARM.Collect$$libinit$$00000013          0x0800036e   Section        0  libinit2.o(.ARM.Collect$$libinit$$00000013)
    .ARM.Collect$$libinit$$00000015          0x0800036e   Section        0  libinit2.o(.ARM.Collect$$libinit$$00000015)
    .ARM.Collect$$libinit$$00000017          0x0800036e   Section        0  libinit2.o(.ARM.Collect$$libinit$$00000017)
    .ARM.Collect$$libinit$$00000019          0x0800036e   Section        0  libinit2.o(.ARM.Collect$$libinit$$00000019)
    .ARM.Collect$$libinit$$0000001B          0x0800036e   Section        0  libinit2.o(.ARM.Collect$$libinit$$0000001B)
    .ARM.Collect$$libinit$$0000001D          0x0800036e   Section        0  libinit2.o(.ARM.Collect$$libinit$$0000001D)
    .ARM.Collect$$libinit$$0000001F          0x0800036e   Section        0  libinit2.o(.ARM.Collect$$libinit$$0000001F)
    .ARM.Collect$$libinit$$00000021          0x0800036e   Section        0  libinit2.o(.ARM.Collect$$libinit$$00000021)
    .ARM.Collect$$libinit$$00000023          0x0800036e   Section        0  libinit2.o(.ARM.Collect$$libinit$$00000023)
    .ARM.Collect$$libinit$$00000025          0x0800036e   Section        0  libinit2.o(.ARM.Collect$$libinit$$00000025)
    .ARM.Collect$$libinit$$0000002C          0x0800036e   Section        0  libinit2.o(.ARM.Collect$$libinit$$0000002C)
    .ARM.Collect$$libinit$$0000002E          0x0800036e   Section        0  libinit2.o(.ARM.Collect$$libinit$$0000002E)
    .ARM.Collect$$libinit$$00000030          0x0800036e   Section        0  libinit2.o(.ARM.Collect$$libinit$$00000030)
    .ARM.Collect$$libinit$$00000032          0x0800036e   Section        0  libinit2.o(.ARM.Collect$$libinit$$00000032)
    .ARM.Collect$$libinit$$00000033          0x0800036e   Section        2  libinit2.o(.ARM.Collect$$libinit$$00000033)
    .ARM.Collect$$libshutdown$$00000000      0x08000370   Section        2  libshutdown.o(.ARM.Collect$$libshutdown$$00000000)
    .ARM.Collect$$libshutdown$$00000002      0x08000372   Section        0  libshutdown2.o(.ARM.Collect$$libshutdown$$00000002)
    .ARM.Collect$$libshutdown$$00000004      0x08000372   Section        0  libshutdown2.o(.ARM.Collect$$libshutdown$$00000004)
    .ARM.Collect$$libshutdown$$00000007      0x08000372   Section        0  libshutdown2.o(.ARM.Collect$$libshutdown$$00000007)
    .ARM.Collect$$libshutdown$$0000000A      0x08000372   Section        0  libshutdown2.o(.ARM.Collect$$libshutdown$$0000000A)
    .ARM.Collect$$libshutdown$$0000000C      0x08000372   Section        0  libshutdown2.o(.ARM.Collect$$libshutdown$$0000000C)
    .ARM.Collect$$libshutdown$$0000000F      0x08000372   Section        0  libshutdown2.o(.ARM.Collect$$libshutdown$$0000000F)
    .ARM.Collect$$libshutdown$$00000010      0x08000372   Section        2  libshutdown2.o(.ARM.Collect$$libshutdown$$00000010)
    .ARM.Collect$$rtentry$$00000000          0x08000374   Section        0  __rtentry.o(.ARM.Collect$$rtentry$$00000000)
    .ARM.Collect$$rtentry$$00000002          0x08000374   Section        0  __rtentry2.o(.ARM.Collect$$rtentry$$00000002)
    .ARM.Collect$$rtentry$$00000004          0x08000374   Section        6  __rtentry4.o(.ARM.Collect$$rtentry$$00000004)
    .ARM.Collect$$rtentry$$00000009          0x0800037a   Section        0  __rtentry2.o(.ARM.Collect$$rtentry$$00000009)
    .ARM.Collect$$rtentry$$0000000A          0x0800037a   Section        4  __rtentry2.o(.ARM.Collect$$rtentry$$0000000A)
    .ARM.Collect$$rtentry$$0000000C          0x0800037e   Section        0  __rtentry2.o(.ARM.Collect$$rtentry$$0000000C)
    .ARM.Collect$$rtentry$$0000000D          0x0800037e   Section        8  __rtentry2.o(.ARM.Collect$$rtentry$$0000000D)
    .ARM.Collect$$rtexit$$00000000           0x08000386   Section        2  rtexit.o(.ARM.Collect$$rtexit$$00000000)
    .ARM.Collect$$rtexit$$00000002           0x08000388   Section        0  rtexit2.o(.ARM.Collect$$rtexit$$00000002)
    .ARM.Collect$$rtexit$$00000003           0x08000388   Section        4  rtexit2.o(.ARM.Collect$$rtexit$$00000003)
    .ARM.Collect$$rtexit$$00000004           0x0800038c   Section        6  rtexit2.o(.ARM.Collect$$rtexit$$00000004)
    .text                                    0x08000394   Section       64  startup_stm32h750xx.o(.text)
    $v0                                      0x08000394   Number         0  startup_stm32h750xx.o(.text)
    .text                                    0x080003d4   Section      238  lludivv7m.o(.text)
    .text                                    0x080004c2   Section       78  rt_memclr_w.o(.text)
    .text                                    0x08000510   Section        0  heapauxi.o(.text)
    .text                                    0x08000516   Section       74  sys_stackheap_outer.o(.text)
    .text                                    0x08000560   Section        0  exit.o(.text)
    .text                                    0x08000574   Section        8  libspace.o(.text)
    .text                                    0x0800057c   Section        0  sys_exit.o(.text)
    .text                                    0x08000588   Section        2  use_no_semi.o(.text)
    .text                                    0x0800058a   Section        0  indicate_semi.o(.text)
    i.BusFault_Handler                       0x0800058a   Section        0  stm32h7xx_it.o(i.BusFault_Handler)
    i.DMA1_Stream0_IRQHandler                0x08000590   Section        0  stm32h7xx_it.o(i.DMA1_Stream0_IRQHandler)
    i.DMA1_Stream1_IRQHandler                0x080005a0   Section        0  stm32h7xx_it.o(i.DMA1_Stream1_IRQHandler)
    i.DMA_CalcBaseAndBitshift                0x080005b0   Section        0  stm32h7xx_hal_dma.o(i.DMA_CalcBaseAndBitshift)
    DMA_CalcBaseAndBitshift                  0x080005b1   Thumb Code   224  stm32h7xx_hal_dma.o(i.DMA_CalcBaseAndBitshift)
    i.DMA_CalcDMAMUXChannelBaseAndMask       0x0800069c   Section        0  stm32h7xx_hal_dma.o(i.DMA_CalcDMAMUXChannelBaseAndMask)
    DMA_CalcDMAMUXChannelBaseAndMask         0x0800069d   Thumb Code   178  stm32h7xx_hal_dma.o(i.DMA_CalcDMAMUXChannelBaseAndMask)
    i.DMA_CalcDMAMUXRequestGenBaseAndMask    0x08000760   Section        0  stm32h7xx_hal_dma.o(i.DMA_CalcDMAMUXRequestGenBaseAndMask)
    DMA_CalcDMAMUXRequestGenBaseAndMask      0x08000761   Thumb Code   140  stm32h7xx_hal_dma.o(i.DMA_CalcDMAMUXRequestGenBaseAndMask)
    i.DMA_CheckFifoParam                     0x080007f8   Section        0  stm32h7xx_hal_dma.o(i.DMA_CheckFifoParam)
    DMA_CheckFifoParam                       0x080007f9   Thumb Code   174  stm32h7xx_hal_dma.o(i.DMA_CheckFifoParam)
    i.DMA_SetConfig                          0x080008a8   Section        0  stm32h7xx_hal_dma.o(i.DMA_SetConfig)
    DMA_SetConfig                            0x080008a9   Thumb Code   614  stm32h7xx_hal_dma.o(i.DMA_SetConfig)
    i.DebugMon_Handler                       0x08000b1c   Section        0  stm32h7xx_it.o(i.DebugMon_Handler)
    i.Error_Handler                          0x08000b1e   Section        0  main.o(i.Error_Handler)
    i.HAL_DMA_Abort                          0x08000b24   Section        0  stm32h7xx_hal_dma.o(i.HAL_DMA_Abort)
    i.HAL_DMA_Abort_IT                       0x08001000   Section        0  stm32h7xx_hal_dma.o(i.HAL_DMA_Abort_IT)
    i.HAL_DMA_IRQHandler                     0x08001398   Section        0  stm32h7xx_hal_dma.o(i.HAL_DMA_IRQHandler)
    i.HAL_DMA_Init                           0x08001e90   Section        0  stm32h7xx_hal_dma.o(i.HAL_DMA_Init)
    i.HAL_DMA_Start_IT                       0x080023b0   Section        0  stm32h7xx_hal_dma.o(i.HAL_DMA_Start_IT)
    i.HAL_GPIO_Init                          0x08002790   Section        0  stm32h7xx_hal_gpio.o(i.HAL_GPIO_Init)
    i.HAL_GetREVID                           0x08002998   Section        0  stm32h7xx_hal.o(i.HAL_GetREVID)
    i.HAL_GetTick                            0x080029a4   Section        0  stm32h7xx_hal.o(i.HAL_GetTick)
    i.HAL_IncTick                            0x080029b0   Section        0  stm32h7xx_hal.o(i.HAL_IncTick)
    i.HAL_Init                               0x080029c8   Section        0  stm32h7xx_hal.o(i.HAL_Init)
    i.HAL_InitTick                           0x08002a28   Section        0  stm32h7xx_hal.o(i.HAL_InitTick)
    i.HAL_MPU_ConfigRegion                   0x08002a80   Section        0  stm32h7xx_hal_cortex.o(i.HAL_MPU_ConfigRegion)
    i.HAL_MPU_Disable                        0x08002adc   Section        0  stm32h7xx_hal_cortex.o(i.HAL_MPU_Disable)
    i.HAL_MPU_Enable                         0x08002b08   Section        0  stm32h7xx_hal_cortex.o(i.HAL_MPU_Enable)
    i.HAL_MspInit                            0x08002b48   Section        0  stm32h7xx_hal_msp.o(i.HAL_MspInit)
    i.HAL_NVIC_EnableIRQ                     0x08002b6c   Section        0  stm32h7xx_hal_cortex.o(i.HAL_NVIC_EnableIRQ)
    i.HAL_NVIC_SetPriority                   0x08002b94   Section        0  stm32h7xx_hal_cortex.o(i.HAL_NVIC_SetPriority)
    i.HAL_NVIC_SetPriorityGrouping           0x08002c10   Section        0  stm32h7xx_hal_cortex.o(i.HAL_NVIC_SetPriorityGrouping)
    i.HAL_PWREx_ConfigSupply                 0x08002c38   Section        0  stm32h7xx_hal_pwr_ex.o(i.HAL_PWREx_ConfigSupply)
    i.HAL_RCCEx_GetD3PCLK1Freq               0x08002c98   Section        0  stm32h7xx_hal_rcc_ex.o(i.HAL_RCCEx_GetD3PCLK1Freq)
    i.HAL_RCCEx_GetPLL2ClockFreq             0x08002cbc   Section        0  stm32h7xx_hal_rcc_ex.o(i.HAL_RCCEx_GetPLL2ClockFreq)
    i.HAL_RCCEx_GetPLL3ClockFreq             0x08002eec   Section        0  stm32h7xx_hal_rcc_ex.o(i.HAL_RCCEx_GetPLL3ClockFreq)
    i.HAL_RCCEx_PeriphCLKConfig              0x0800311c   Section        0  stm32h7xx_hal_rcc_ex.o(i.HAL_RCCEx_PeriphCLKConfig)
    i.HAL_RCC_ClockConfig                    0x08003c80   Section        0  stm32h7xx_hal_rcc.o(i.HAL_RCC_ClockConfig)
    i.HAL_RCC_GetHCLKFreq                    0x08003fa0   Section        0  stm32h7xx_hal_rcc.o(i.HAL_RCC_GetHCLKFreq)
    i.HAL_RCC_GetPCLK1Freq                   0x08003fec   Section        0  stm32h7xx_hal_rcc.o(i.HAL_RCC_GetPCLK1Freq)
    i.HAL_RCC_GetPCLK2Freq                   0x08004010   Section        0  stm32h7xx_hal_rcc.o(i.HAL_RCC_GetPCLK2Freq)
    i.HAL_RCC_GetSysClockFreq                0x08004034   Section        0  stm32h7xx_hal_rcc.o(i.HAL_RCC_GetSysClockFreq)
    i.HAL_RCC_OscConfig                      0x08004260   Section        0  stm32h7xx_hal_rcc.o(i.HAL_RCC_OscConfig)
    i.HAL_SYSTICK_Config                     0x08004a44   Section        0  stm32h7xx_hal_cortex.o(i.HAL_SYSTICK_Config)
    i.HAL_UARTEx_EnableFifoMode              0x08004a78   Section        0  stm32h7xx_hal_uart_ex.o(i.HAL_UARTEx_EnableFifoMode)
    i.HAL_UARTEx_RxEventCallback             0x08004ad0   Section        0  stm32h7xx_hal_uart.o(i.HAL_UARTEx_RxEventCallback)
    i.HAL_UARTEx_RxFifoFullCallback          0x08004ad2   Section        0  stm32h7xx_hal_uart_ex.o(i.HAL_UARTEx_RxFifoFullCallback)
    i.HAL_UARTEx_SetRxFifoThreshold          0x08004ad4   Section        0  stm32h7xx_hal_uart_ex.o(i.HAL_UARTEx_SetRxFifoThreshold)
    i.HAL_UARTEx_SetTxFifoThreshold          0x08004b32   Section        0  stm32h7xx_hal_uart_ex.o(i.HAL_UARTEx_SetTxFifoThreshold)
    i.HAL_UARTEx_TxFifoEmptyCallback         0x08004b90   Section        0  stm32h7xx_hal_uart_ex.o(i.HAL_UARTEx_TxFifoEmptyCallback)
    i.HAL_UARTEx_WakeupCallback              0x08004b92   Section        0  stm32h7xx_hal_uart_ex.o(i.HAL_UARTEx_WakeupCallback)
    i.HAL_UART_ErrorCallback                 0x08004b94   Section        0  stm32h7xx_hal_uart.o(i.HAL_UART_ErrorCallback)
    i.HAL_UART_IRQHandler                    0x08004b98   Section        0  stm32h7xx_hal_uart.o(i.HAL_UART_IRQHandler)
    i.HAL_UART_Init                          0x08004f6c   Section        0  stm32h7xx_hal_uart.o(i.HAL_UART_Init)
    i.HAL_UART_MspInit                       0x08004fe4   Section        0  stm32h7xx_hal_msp.o(i.HAL_UART_MspInit)
    i.HAL_UART_Transmit_DMA                  0x080051e0   Section        0  stm32h7xx_hal_uart.o(i.HAL_UART_Transmit_DMA)
    i.HAL_UART_TxCpltCallback                0x08005298   Section        0  stm32h7xx_hal_uart.o(i.HAL_UART_TxCpltCallback)
    i.HAL_UART_TxHalfCpltCallback            0x0800529a   Section        0  stm32h7xx_hal_uart.o(i.HAL_UART_TxHalfCpltCallback)
    i.HardFault_Handler                      0x0800529c   Section        0  stm32h7xx_it.o(i.HardFault_Handler)
    i.MPU_Config                             0x080052a0   Section        0  main.o(i.MPU_Config)
    MPU_Config                               0x080052a1   Thumb Code    90  main.o(i.MPU_Config)
    i.MX_DMA_Init                            0x080052fc   Section        0  main.o(i.MX_DMA_Init)
    MX_DMA_Init                              0x080052fd   Thumb Code    64  main.o(i.MX_DMA_Init)
    i.MX_GPIO_Init                           0x08005340   Section        0  main.o(i.MX_GPIO_Init)
    MX_GPIO_Init                             0x08005341   Thumb Code   110  main.o(i.MX_GPIO_Init)
    i.MX_UART5_Init                          0x080053b4   Section        0  main.o(i.MX_UART5_Init)
    MX_UART5_Init                            0x080053b5   Thumb Code   102  main.o(i.MX_UART5_Init)
    i.MX_USART6_UART_Init                    0x08005428   Section        0  main.o(i.MX_USART6_UART_Init)
    MX_USART6_UART_Init                      0x08005429   Thumb Code   102  main.o(i.MX_USART6_UART_Init)
    i.MemManage_Handler                      0x0800549c   Section        0  stm32h7xx_it.o(i.MemManage_Handler)
    i.NMI_Handler                            0x080054a0   Section        0  stm32h7xx_it.o(i.NMI_Handler)
    i.PendSV_Handler                         0x080054a4   Section        0  stm32h7xx_it.o(i.PendSV_Handler)
    i.RCCEx_PLL2_Config                      0x080054a8   Section        0  stm32h7xx_hal_rcc_ex.o(i.RCCEx_PLL2_Config)
    RCCEx_PLL2_Config                        0x080054a9   Thumb Code   350  stm32h7xx_hal_rcc_ex.o(i.RCCEx_PLL2_Config)
    i.RCCEx_PLL3_Config                      0x0800560c   Section        0  stm32h7xx_hal_rcc_ex.o(i.RCCEx_PLL3_Config)
    RCCEx_PLL3_Config                        0x0800560d   Thumb Code   350  stm32h7xx_hal_rcc_ex.o(i.RCCEx_PLL3_Config)
    i.SVC_Handler                            0x08005770   Section        0  stm32h7xx_it.o(i.SVC_Handler)
    i.SysTick_Handler                        0x08005772   Section        0  stm32h7xx_it.o(i.SysTick_Handler)
    i.SystemClock_Config                     0x0800577c   Section        0  main.o(i.SystemClock_Config)
    i.SystemInit                             0x08005848   Section        0  system_stm32h7xx.o(i.SystemInit)
    i.UART5_IRQHandler                       0x0800594c   Section        0  stm32h7xx_it.o(i.UART5_IRQHandler)
    i.UARTEx_SetNbDataToProcess              0x0800595c   Section        0  stm32h7xx_hal_uart_ex.o(i.UARTEx_SetNbDataToProcess)
    UARTEx_SetNbDataToProcess                0x0800595d   Thumb Code    78  stm32h7xx_hal_uart_ex.o(i.UARTEx_SetNbDataToProcess)
    i.UART_AdvFeatureConfig                  0x080059b4   Section        0  stm32h7xx_hal_uart.o(i.UART_AdvFeatureConfig)
    i.UART_CheckIdleState                    0x08005aac   Section        0  stm32h7xx_hal_uart.o(i.UART_CheckIdleState)
    i.UART_DMAAbortOnError                   0x08005b22   Section        0  stm32h7xx_hal_uart.o(i.UART_DMAAbortOnError)
    UART_DMAAbortOnError                     0x08005b23   Thumb Code    24  stm32h7xx_hal_uart.o(i.UART_DMAAbortOnError)
    i.UART_DMAError                          0x08005b3a   Section        0  stm32h7xx_hal_uart.o(i.UART_DMAError)
    UART_DMAError                            0x08005b3b   Thumb Code    94  stm32h7xx_hal_uart.o(i.UART_DMAError)
    i.UART_DMATransmitCplt                   0x08005b98   Section        0  stm32h7xx_hal_uart.o(i.UART_DMATransmitCplt)
    UART_DMATransmitCplt                     0x08005b99   Thumb Code    54  stm32h7xx_hal_uart.o(i.UART_DMATransmitCplt)
    i.UART_DMATxHalfCplt                     0x08005bce   Section        0  stm32h7xx_hal_uart.o(i.UART_DMATxHalfCplt)
    UART_DMATxHalfCplt                       0x08005bcf   Thumb Code    14  stm32h7xx_hal_uart.o(i.UART_DMATxHalfCplt)
    i.UART_EndRxTransfer                     0x08005bdc   Section        0  stm32h7xx_hal_uart.o(i.UART_EndRxTransfer)
    UART_EndRxTransfer                       0x08005bdd   Thumb Code    56  stm32h7xx_hal_uart.o(i.UART_EndRxTransfer)
    i.UART_EndTransmit_IT                    0x08005c18   Section        0  stm32h7xx_hal_uart.o(i.UART_EndTransmit_IT)
    UART_EndTransmit_IT                      0x08005c19   Thumb Code    34  stm32h7xx_hal_uart.o(i.UART_EndTransmit_IT)
    i.UART_EndTxTransfer                     0x08005c3a   Section        0  stm32h7xx_hal_uart.o(i.UART_EndTxTransfer)
    UART_EndTxTransfer                       0x08005c3b   Thumb Code    32  stm32h7xx_hal_uart.o(i.UART_EndTxTransfer)
    i.UART_SetConfig                         0x08005c5c   Section        0  stm32h7xx_hal_uart.o(i.UART_SetConfig)
    i.UART_WaitOnFlagUntilTimeout            0x080061e8   Section        0  stm32h7xx_hal_uart.o(i.UART_WaitOnFlagUntilTimeout)
    i.USART6_IRQHandler                      0x080062a8   Section        0  stm32h7xx_it.o(i.USART6_IRQHandler)
    i.UsageFault_Handler                     0x080062b8   Section        0  stm32h7xx_it.o(i.UsageFault_Handler)
    i.__NVIC_GetPriorityGrouping             0x080062bc   Section        0  stm32h7xx_hal_cortex.o(i.__NVIC_GetPriorityGrouping)
    __NVIC_GetPriorityGrouping               0x080062bd   Thumb Code    10  stm32h7xx_hal_cortex.o(i.__NVIC_GetPriorityGrouping)
    i.__NVIC_SetPriority                     0x080062cc   Section        0  stm32h7xx_hal_cortex.o(i.__NVIC_SetPriority)
    __NVIC_SetPriority                       0x080062cd   Thumb Code    32  stm32h7xx_hal_cortex.o(i.__NVIC_SetPriority)
    i.main                                   0x080062f4   Section        0  main.o(i.main)
    i.usartirq                               0x080064a0   Section        0  main.o(i.usartirq)
    x$fpl$fpinit                             0x080065e8   Section       10  fpinit.o(x$fpl$fpinit)
    $v0                                      0x080065e8   Number         0  fpinit.o(x$fpl$fpinit)
    .constdata                               0x080065f2   Section        8  stm32h7xx_hal_dma.o(.constdata)
    flagBitshiftOffset                       0x080065f2   Data           8  stm32h7xx_hal_dma.o(.constdata)
    .constdata                               0x080065fa   Section       24  stm32h7xx_hal_uart.o(.constdata)
    .constdata                               0x08006612   Section       16  stm32h7xx_hal_uart_ex.o(.constdata)
    numerator                                0x08006612   Data           8  stm32h7xx_hal_uart_ex.o(.constdata)
    denominator                              0x0800661a   Data           8  stm32h7xx_hal_uart_ex.o(.constdata)
    .constdata                               0x08006622   Section       16  system_stm32h7xx.o(.constdata)
    .data                                    0x20000000   Section        9  stm32h7xx_hal.o(.data)
    .data                                    0x2000000c   Section        8  system_stm32h7xx.o(.data)
    .bss                                     0x20000014   Section      528  main.o(.bss)
    .bss                                     0x20000224   Section       96  libspace.o(.bss)
    HEAP                                     0x20000288   Section      512  startup_stm32h750xx.o(HEAP)
    Heap_Mem                                 0x20000288   Data         512  startup_stm32h750xx.o(HEAP)
    STACK                                    0x20000488   Section     1024  startup_stm32h750xx.o(STACK)
    Stack_Mem                                0x20000488   Data        1024  startup_stm32h750xx.o(STACK)
    __initial_sp                             0x20000888   Data           0  startup_stm32h750xx.o(STACK)
    RAM_D1                                   0x24000000   Section     3088  main.o(RAM_D1)

    Global Symbols

    Symbol Name                              Value     Ov Type        Size  Object(Section)

    BuildAttributes$$THM_ISAv4$E$P$D$K$B$S$7EM$VFPv5_D16$PE$PLD8$A:L22UL41UL21$X:L11$S22US41US21$IEEE1$IW$USESV6$~STKCKD$USESV7$~SHL$OSPACE$ROPI$EBA8$UX$STANDARDLIB$REQ8$PRES8$EABIv2 0x00000000   Number         0  anon$$obj.o ABSOLUTE
    __ARM_use_no_argv                        0x00000000   Number         0  main.o ABSOLUTE
    __ARM_exceptions_init                     - Undefined Weak Reference
    __alloca_initialize                       - Undefined Weak Reference
    __arm_preinit_                            - Undefined Weak Reference
    __cpp_initialize__aeabi_                  - Undefined Weak Reference
    __cxa_finalize                            - Undefined Weak Reference
    __rt_locale                               - Undefined Weak Reference
    __sigvec_lookup                           - Undefined Weak Reference
    _atexit_init                              - Undefined Weak Reference
    _call_atexit_fns                          - Undefined Weak Reference
    _clock_init                               - Undefined Weak Reference
    _fp_trap_init                             - Undefined Weak Reference
    _fp_trap_shutdown                         - Undefined Weak Reference
    _get_lc_collate                           - Undefined Weak Reference
    _get_lc_ctype                             - Undefined Weak Reference
    _get_lc_monetary                          - Undefined Weak Reference
    _get_lc_numeric                           - Undefined Weak Reference
    _get_lc_time                              - Undefined Weak Reference
    _getenv_init                              - Undefined Weak Reference
    _handle_redirection                       - Undefined Weak Reference
    _init_alloc                               - Undefined Weak Reference
    _init_user_alloc                          - Undefined Weak Reference
    _initio                                   - Undefined Weak Reference
    _rand_init                                - Undefined Weak Reference
    _signal_finish                            - Undefined Weak Reference
    _signal_init                              - Undefined Weak Reference
    _terminate_alloc                          - Undefined Weak Reference
    _terminate_user_alloc                     - Undefined Weak Reference
    _terminateio                              - Undefined Weak Reference
    __Vectors_Size                           0x00000298   Number         0  startup_stm32h750xx.o ABSOLUTE
    __Vectors                                0x08000000   Data           4  startup_stm32h750xx.o(RESET)
    __Vectors_End                            0x08000298   Data           0  startup_stm32h750xx.o(RESET)
    __main                                   0x08000299   Thumb Code     8  __main.o(!!!main)
    __scatterload                            0x080002a1   Thumb Code     0  __scatter.o(!!!scatter)
    __scatterload_rt2                        0x080002a1   Thumb Code    44  __scatter.o(!!!scatter)
    __scatterload_rt2_thumb_only             0x080002a1   Thumb Code     0  __scatter.o(!!!scatter)
    __scatterload_null                       0x080002af   Thumb Code     0  __scatter.o(!!!scatter)
    __decompress                             0x080002d5   Thumb Code    90  __dczerorl2.o(!!dczerorl2)
    __decompress1                            0x080002d5   Thumb Code     0  __dczerorl2.o(!!dczerorl2)
    __scatterload_copy                       0x08000331   Thumb Code    26  __scatter_copy.o(!!handler_copy)
    __scatterload_zeroinit                   0x0800034d   Thumb Code    28  __scatter_zi.o(!!handler_zi)
    __rt_lib_init                            0x08000369   Thumb Code     0  libinit.o(.ARM.Collect$$libinit$$00000000)
    __rt_lib_init_fp_1                       0x0800036b   Thumb Code     0  libinit2.o(.ARM.Collect$$libinit$$00000001)
    __rt_lib_init_alloca_1                   0x0800036f   Thumb Code     0  libinit2.o(.ARM.Collect$$libinit$$0000002E)
    __rt_lib_init_argv_1                     0x0800036f   Thumb Code     0  libinit2.o(.ARM.Collect$$libinit$$0000002C)
    __rt_lib_init_atexit_1                   0x0800036f   Thumb Code     0  libinit2.o(.ARM.Collect$$libinit$$0000001B)
    __rt_lib_init_clock_1                    0x0800036f   Thumb Code     0  libinit2.o(.ARM.Collect$$libinit$$00000021)
    __rt_lib_init_cpp_1                      0x0800036f   Thumb Code     0  libinit2.o(.ARM.Collect$$libinit$$00000032)
    __rt_lib_init_exceptions_1               0x0800036f   Thumb Code     0  libinit2.o(.ARM.Collect$$libinit$$00000030)
    __rt_lib_init_fp_trap_1                  0x0800036f   Thumb Code     0  libinit2.o(.ARM.Collect$$libinit$$0000001F)
    __rt_lib_init_getenv_1                   0x0800036f   Thumb Code     0  libinit2.o(.ARM.Collect$$libinit$$00000023)
    __rt_lib_init_heap_1                     0x0800036f   Thumb Code     0  libinit2.o(.ARM.Collect$$libinit$$0000000A)
    __rt_lib_init_lc_collate_1               0x0800036f   Thumb Code     0  libinit2.o(.ARM.Collect$$libinit$$00000011)
    __rt_lib_init_lc_ctype_1                 0x0800036f   Thumb Code     0  libinit2.o(.ARM.Collect$$libinit$$00000013)
    __rt_lib_init_lc_monetary_1              0x0800036f   Thumb Code     0  libinit2.o(.ARM.Collect$$libinit$$00000015)
    __rt_lib_init_lc_numeric_1               0x0800036f   Thumb Code     0  libinit2.o(.ARM.Collect$$libinit$$00000017)
    __rt_lib_init_lc_time_1                  0x0800036f   Thumb Code     0  libinit2.o(.ARM.Collect$$libinit$$00000019)
    __rt_lib_init_preinit_1                  0x0800036f   Thumb Code     0  libinit2.o(.ARM.Collect$$libinit$$00000004)
    __rt_lib_init_rand_1                     0x0800036f   Thumb Code     0  libinit2.o(.ARM.Collect$$libinit$$0000000E)
    __rt_lib_init_return                     0x0800036f   Thumb Code     0  libinit2.o(.ARM.Collect$$libinit$$00000033)
    __rt_lib_init_signal_1                   0x0800036f   Thumb Code     0  libinit2.o(.ARM.Collect$$libinit$$0000001D)
    __rt_lib_init_stdio_1                    0x0800036f   Thumb Code     0  libinit2.o(.ARM.Collect$$libinit$$00000025)
    __rt_lib_init_user_alloc_1               0x0800036f   Thumb Code     0  libinit2.o(.ARM.Collect$$libinit$$0000000C)
    __rt_lib_shutdown                        0x08000371   Thumb Code     0  libshutdown.o(.ARM.Collect$$libshutdown$$00000000)
    __rt_lib_shutdown_cpp_1                  0x08000373   Thumb Code     0  libshutdown2.o(.ARM.Collect$$libshutdown$$00000002)
    __rt_lib_shutdown_fp_trap_1              0x08000373   Thumb Code     0  libshutdown2.o(.ARM.Collect$$libshutdown$$00000007)
    __rt_lib_shutdown_heap_1                 0x08000373   Thumb Code     0  libshutdown2.o(.ARM.Collect$$libshutdown$$0000000F)
    __rt_lib_shutdown_return                 0x08000373   Thumb Code     0  libshutdown2.o(.ARM.Collect$$libshutdown$$00000010)
    __rt_lib_shutdown_signal_1               0x08000373   Thumb Code     0  libshutdown2.o(.ARM.Collect$$libshutdown$$0000000A)
    __rt_lib_shutdown_stdio_1                0x08000373   Thumb Code     0  libshutdown2.o(.ARM.Collect$$libshutdown$$00000004)
    __rt_lib_shutdown_user_alloc_1           0x08000373   Thumb Code     0  libshutdown2.o(.ARM.Collect$$libshutdown$$0000000C)
    __rt_entry                               0x08000375   Thumb Code     0  __rtentry.o(.ARM.Collect$$rtentry$$00000000)
    __rt_entry_presh_1                       0x08000375   Thumb Code     0  __rtentry2.o(.ARM.Collect$$rtentry$$00000002)
    __rt_entry_sh                            0x08000375   Thumb Code     0  __rtentry4.o(.ARM.Collect$$rtentry$$00000004)
    __rt_entry_li                            0x0800037b   Thumb Code     0  __rtentry2.o(.ARM.Collect$$rtentry$$0000000A)
    __rt_entry_postsh_1                      0x0800037b   Thumb Code     0  __rtentry2.o(.ARM.Collect$$rtentry$$00000009)
    __rt_entry_main                          0x0800037f   Thumb Code     0  __rtentry2.o(.ARM.Collect$$rtentry$$0000000D)
    __rt_entry_postli_1                      0x0800037f   Thumb Code     0  __rtentry2.o(.ARM.Collect$$rtentry$$0000000C)
    __rt_exit                                0x08000387   Thumb Code     0  rtexit.o(.ARM.Collect$$rtexit$$00000000)
    __rt_exit_ls                             0x08000389   Thumb Code     0  rtexit2.o(.ARM.Collect$$rtexit$$00000003)
    __rt_exit_prels_1                        0x08000389   Thumb Code     0  rtexit2.o(.ARM.Collect$$rtexit$$00000002)
    __rt_exit_exit                           0x0800038d   Thumb Code     0  rtexit2.o(.ARM.Collect$$rtexit$$00000004)
    Reset_Handler                            0x08000395   Thumb Code     8  startup_stm32h750xx.o(.text)
    ADC3_IRQHandler                          0x080003af   Thumb Code     0  startup_stm32h750xx.o(.text)
    ADC_IRQHandler                           0x080003af   Thumb Code     0  startup_stm32h750xx.o(.text)
    BDMA_Channel0_IRQHandler                 0x080003af   Thumb Code     0  startup_stm32h750xx.o(.text)
    BDMA_Channel1_IRQHandler                 0x080003af   Thumb Code     0  startup_stm32h750xx.o(.text)
    BDMA_Channel2_IRQHandler                 0x080003af   Thumb Code     0  startup_stm32h750xx.o(.text)
    BDMA_Channel3_IRQHandler                 0x080003af   Thumb Code     0  startup_stm32h750xx.o(.text)
    BDMA_Channel4_IRQHandler                 0x080003af   Thumb Code     0  startup_stm32h750xx.o(.text)
    BDMA_Channel5_IRQHandler                 0x080003af   Thumb Code     0  startup_stm32h750xx.o(.text)
    BDMA_Channel6_IRQHandler                 0x080003af   Thumb Code     0  startup_stm32h750xx.o(.text)
    BDMA_Channel7_IRQHandler                 0x080003af   Thumb Code     0  startup_stm32h750xx.o(.text)
    CEC_IRQHandler                           0x080003af   Thumb Code     0  startup_stm32h750xx.o(.text)
    COMP1_IRQHandler                         0x080003af   Thumb Code     0  startup_stm32h750xx.o(.text)
    CRS_IRQHandler                           0x080003af   Thumb Code     0  startup_stm32h750xx.o(.text)
    CRYP_IRQHandler                          0x080003af   Thumb Code     0  startup_stm32h750xx.o(.text)
    DCMI_IRQHandler                          0x080003af   Thumb Code     0  startup_stm32h750xx.o(.text)
    DFSDM1_FLT0_IRQHandler                   0x080003af   Thumb Code     0  startup_stm32h750xx.o(.text)
    DFSDM1_FLT1_IRQHandler                   0x080003af   Thumb Code     0  startup_stm32h750xx.o(.text)
    DFSDM1_FLT2_IRQHandler                   0x080003af   Thumb Code     0  startup_stm32h750xx.o(.text)
    DFSDM1_FLT3_IRQHandler                   0x080003af   Thumb Code     0  startup_stm32h750xx.o(.text)
    DMA1_Stream2_IRQHandler                  0x080003af   Thumb Code     0  startup_stm32h750xx.o(.text)
    DMA1_Stream3_IRQHandler                  0x080003af   Thumb Code     0  startup_stm32h750xx.o(.text)
    DMA1_Stream4_IRQHandler                  0x080003af   Thumb Code     0  startup_stm32h750xx.o(.text)
    DMA1_Stream5_IRQHandler                  0x080003af   Thumb Code     0  startup_stm32h750xx.o(.text)
    DMA1_Stream6_IRQHandler                  0x080003af   Thumb Code     0  startup_stm32h750xx.o(.text)
    DMA1_Stream7_IRQHandler                  0x080003af   Thumb Code     0  startup_stm32h750xx.o(.text)
    DMA2D_IRQHandler                         0x080003af   Thumb Code     0  startup_stm32h750xx.o(.text)
    DMA2_Stream0_IRQHandler                  0x080003af   Thumb Code     0  startup_stm32h750xx.o(.text)
    DMA2_Stream1_IRQHandler                  0x080003af   Thumb Code     0  startup_stm32h750xx.o(.text)
    DMA2_Stream2_IRQHandler                  0x080003af   Thumb Code     0  startup_stm32h750xx.o(.text)
    DMA2_Stream3_IRQHandler                  0x080003af   Thumb Code     0  startup_stm32h750xx.o(.text)
    DMA2_Stream4_IRQHandler                  0x080003af   Thumb Code     0  startup_stm32h750xx.o(.text)
    DMA2_Stream5_IRQHandler                  0x080003af   Thumb Code     0  startup_stm32h750xx.o(.text)
    DMA2_Stream6_IRQHandler                  0x080003af   Thumb Code     0  startup_stm32h750xx.o(.text)
    DMA2_Stream7_IRQHandler                  0x080003af   Thumb Code     0  startup_stm32h750xx.o(.text)
    DMAMUX1_OVR_IRQHandler                   0x080003af   Thumb Code     0  startup_stm32h750xx.o(.text)
    DMAMUX2_OVR_IRQHandler                   0x080003af   Thumb Code     0  startup_stm32h750xx.o(.text)
    ECC_IRQHandler                           0x080003af   Thumb Code     0  startup_stm32h750xx.o(.text)
    ETH_IRQHandler                           0x080003af   Thumb Code     0  startup_stm32h750xx.o(.text)
    ETH_WKUP_IRQHandler                      0x080003af   Thumb Code     0  startup_stm32h750xx.o(.text)
    EXTI0_IRQHandler                         0x080003af   Thumb Code     0  startup_stm32h750xx.o(.text)
    EXTI15_10_IRQHandler                     0x080003af   Thumb Code     0  startup_stm32h750xx.o(.text)
    EXTI1_IRQHandler                         0x080003af   Thumb Code     0  startup_stm32h750xx.o(.text)
    EXTI2_IRQHandler                         0x080003af   Thumb Code     0  startup_stm32h750xx.o(.text)
    EXTI3_IRQHandler                         0x080003af   Thumb Code     0  startup_stm32h750xx.o(.text)
    EXTI4_IRQHandler                         0x080003af   Thumb Code     0  startup_stm32h750xx.o(.text)
    EXTI9_5_IRQHandler                       0x080003af   Thumb Code     0  startup_stm32h750xx.o(.text)
    FDCAN1_IT0_IRQHandler                    0x080003af   Thumb Code     0  startup_stm32h750xx.o(.text)
    FDCAN1_IT1_IRQHandler                    0x080003af   Thumb Code     0  startup_stm32h750xx.o(.text)
    FDCAN2_IT0_IRQHandler                    0x080003af   Thumb Code     0  startup_stm32h750xx.o(.text)
    FDCAN2_IT1_IRQHandler                    0x080003af   Thumb Code     0  startup_stm32h750xx.o(.text)
    FDCAN_CAL_IRQHandler                     0x080003af   Thumb Code     0  startup_stm32h750xx.o(.text)
    FLASH_IRQHandler                         0x080003af   Thumb Code     0  startup_stm32h750xx.o(.text)
    FMC_IRQHandler                           0x080003af   Thumb Code     0  startup_stm32h750xx.o(.text)
    FPU_IRQHandler                           0x080003af   Thumb Code     0  startup_stm32h750xx.o(.text)
    HASH_RNG_IRQHandler                      0x080003af   Thumb Code     0  startup_stm32h750xx.o(.text)
    HRTIM1_FLT_IRQHandler                    0x080003af   Thumb Code     0  startup_stm32h750xx.o(.text)
    HRTIM1_Master_IRQHandler                 0x080003af   Thumb Code     0  startup_stm32h750xx.o(.text)
    HRTIM1_TIMA_IRQHandler                   0x080003af   Thumb Code     0  startup_stm32h750xx.o(.text)
    HRTIM1_TIMB_IRQHandler                   0x080003af   Thumb Code     0  startup_stm32h750xx.o(.text)
    HRTIM1_TIMC_IRQHandler                   0x080003af   Thumb Code     0  startup_stm32h750xx.o(.text)
    HRTIM1_TIMD_IRQHandler                   0x080003af   Thumb Code     0  startup_stm32h750xx.o(.text)
    HRTIM1_TIME_IRQHandler                   0x080003af   Thumb Code     0  startup_stm32h750xx.o(.text)
    HSEM1_IRQHandler                         0x080003af   Thumb Code     0  startup_stm32h750xx.o(.text)
    I2C1_ER_IRQHandler                       0x080003af   Thumb Code     0  startup_stm32h750xx.o(.text)
    I2C1_EV_IRQHandler                       0x080003af   Thumb Code     0  startup_stm32h750xx.o(.text)
    I2C2_ER_IRQHandler                       0x080003af   Thumb Code     0  startup_stm32h750xx.o(.text)
    I2C2_EV_IRQHandler                       0x080003af   Thumb Code     0  startup_stm32h750xx.o(.text)
    I2C3_ER_IRQHandler                       0x080003af   Thumb Code     0  startup_stm32h750xx.o(.text)
    I2C3_EV_IRQHandler                       0x080003af   Thumb Code     0  startup_stm32h750xx.o(.text)
    I2C4_ER_IRQHandler                       0x080003af   Thumb Code     0  startup_stm32h750xx.o(.text)
    I2C4_EV_IRQHandler                       0x080003af   Thumb Code     0  startup_stm32h750xx.o(.text)
    JPEG_IRQHandler                          0x080003af   Thumb Code     0  startup_stm32h750xx.o(.text)
    LPTIM1_IRQHandler                        0x080003af   Thumb Code     0  startup_stm32h750xx.o(.text)
    LPTIM2_IRQHandler                        0x080003af   Thumb Code     0  startup_stm32h750xx.o(.text)
    LPTIM3_IRQHandler                        0x080003af   Thumb Code     0  startup_stm32h750xx.o(.text)
    LPTIM4_IRQHandler                        0x080003af   Thumb Code     0  startup_stm32h750xx.o(.text)
    LPTIM5_IRQHandler                        0x080003af   Thumb Code     0  startup_stm32h750xx.o(.text)
    LPUART1_IRQHandler                       0x080003af   Thumb Code     0  startup_stm32h750xx.o(.text)
    LTDC_ER_IRQHandler                       0x080003af   Thumb Code     0  startup_stm32h750xx.o(.text)
    LTDC_IRQHandler                          0x080003af   Thumb Code     0  startup_stm32h750xx.o(.text)
    MDIOS_IRQHandler                         0x080003af   Thumb Code     0  startup_stm32h750xx.o(.text)
    MDIOS_WKUP_IRQHandler                    0x080003af   Thumb Code     0  startup_stm32h750xx.o(.text)
    MDMA_IRQHandler                          0x080003af   Thumb Code     0  startup_stm32h750xx.o(.text)
    OTG_FS_EP1_IN_IRQHandler                 0x080003af   Thumb Code     0  startup_stm32h750xx.o(.text)
    OTG_FS_EP1_OUT_IRQHandler                0x080003af   Thumb Code     0  startup_stm32h750xx.o(.text)
    OTG_FS_IRQHandler                        0x080003af   Thumb Code     0  startup_stm32h750xx.o(.text)
    OTG_FS_WKUP_IRQHandler                   0x080003af   Thumb Code     0  startup_stm32h750xx.o(.text)
    OTG_HS_EP1_IN_IRQHandler                 0x080003af   Thumb Code     0  startup_stm32h750xx.o(.text)
    OTG_HS_EP1_OUT_IRQHandler                0x080003af   Thumb Code     0  startup_stm32h750xx.o(.text)
    OTG_HS_IRQHandler                        0x080003af   Thumb Code     0  startup_stm32h750xx.o(.text)
    OTG_HS_WKUP_IRQHandler                   0x080003af   Thumb Code     0  startup_stm32h750xx.o(.text)
    PVD_AVD_IRQHandler                       0x080003af   Thumb Code     0  startup_stm32h750xx.o(.text)
    QUADSPI_IRQHandler                       0x080003af   Thumb Code     0  startup_stm32h750xx.o(.text)
    RCC_IRQHandler                           0x080003af   Thumb Code     0  startup_stm32h750xx.o(.text)
    RTC_Alarm_IRQHandler                     0x080003af   Thumb Code     0  startup_stm32h750xx.o(.text)
    RTC_WKUP_IRQHandler                      0x080003af   Thumb Code     0  startup_stm32h750xx.o(.text)
    SAI1_IRQHandler                          0x080003af   Thumb Code     0  startup_stm32h750xx.o(.text)
    SAI2_IRQHandler                          0x080003af   Thumb Code     0  startup_stm32h750xx.o(.text)
    SAI3_IRQHandler                          0x080003af   Thumb Code     0  startup_stm32h750xx.o(.text)
    SAI4_IRQHandler                          0x080003af   Thumb Code     0  startup_stm32h750xx.o(.text)
    SDMMC1_IRQHandler                        0x080003af   Thumb Code     0  startup_stm32h750xx.o(.text)
    SDMMC2_IRQHandler                        0x080003af   Thumb Code     0  startup_stm32h750xx.o(.text)
    SPDIF_RX_IRQHandler                      0x080003af   Thumb Code     0  startup_stm32h750xx.o(.text)
    SPI1_IRQHandler                          0x080003af   Thumb Code     0  startup_stm32h750xx.o(.text)
    SPI2_IRQHandler                          0x080003af   Thumb Code     0  startup_stm32h750xx.o(.text)
    SPI3_IRQHandler                          0x080003af   Thumb Code     0  startup_stm32h750xx.o(.text)
    SPI4_IRQHandler                          0x080003af   Thumb Code     0  startup_stm32h750xx.o(.text)
    SPI5_IRQHandler                          0x080003af   Thumb Code     0  startup_stm32h750xx.o(.text)
    SPI6_IRQHandler                          0x080003af   Thumb Code     0  startup_stm32h750xx.o(.text)
    SWPMI1_IRQHandler                        0x080003af   Thumb Code     0  startup_stm32h750xx.o(.text)
    TAMP_STAMP_IRQHandler                    0x080003af   Thumb Code     0  startup_stm32h750xx.o(.text)
    TIM15_IRQHandler                         0x080003af   Thumb Code     0  startup_stm32h750xx.o(.text)
    TIM16_IRQHandler                         0x080003af   Thumb Code     0  startup_stm32h750xx.o(.text)
    TIM17_IRQHandler                         0x080003af   Thumb Code     0  startup_stm32h750xx.o(.text)
    TIM1_BRK_IRQHandler                      0x080003af   Thumb Code     0  startup_stm32h750xx.o(.text)
    TIM1_CC_IRQHandler                       0x080003af   Thumb Code     0  startup_stm32h750xx.o(.text)
    TIM1_TRG_COM_IRQHandler                  0x080003af   Thumb Code     0  startup_stm32h750xx.o(.text)
    TIM1_UP_IRQHandler                       0x080003af   Thumb Code     0  startup_stm32h750xx.o(.text)
    TIM2_IRQHandler                          0x080003af   Thumb Code     0  startup_stm32h750xx.o(.text)
    TIM3_IRQHandler                          0x080003af   Thumb Code     0  startup_stm32h750xx.o(.text)
    TIM4_IRQHandler                          0x080003af   Thumb Code     0  startup_stm32h750xx.o(.text)
    TIM5_IRQHandler                          0x080003af   Thumb Code     0  startup_stm32h750xx.o(.text)
    TIM6_DAC_IRQHandler                      0x080003af   Thumb Code     0  startup_stm32h750xx.o(.text)
    TIM7_IRQHandler                          0x080003af   Thumb Code     0  startup_stm32h750xx.o(.text)
    TIM8_BRK_TIM12_IRQHandler                0x080003af   Thumb Code     0  startup_stm32h750xx.o(.text)
    TIM8_CC_IRQHandler                       0x080003af   Thumb Code     0  startup_stm32h750xx.o(.text)
    TIM8_TRG_COM_TIM14_IRQHandler            0x080003af   Thumb Code     0  startup_stm32h750xx.o(.text)
    TIM8_UP_TIM13_IRQHandler                 0x080003af   Thumb Code     0  startup_stm32h750xx.o(.text)
    UART4_IRQHandler                         0x080003af   Thumb Code     0  startup_stm32h750xx.o(.text)
    UART7_IRQHandler                         0x080003af   Thumb Code     0  startup_stm32h750xx.o(.text)
    UART8_IRQHandler                         0x080003af   Thumb Code     0  startup_stm32h750xx.o(.text)
    USART1_IRQHandler                        0x080003af   Thumb Code     0  startup_stm32h750xx.o(.text)
    USART2_IRQHandler                        0x080003af   Thumb Code     0  startup_stm32h750xx.o(.text)
    USART3_IRQHandler                        0x080003af   Thumb Code     0  startup_stm32h750xx.o(.text)
    WAKEUP_PIN_IRQHandler                    0x080003af   Thumb Code     0  startup_stm32h750xx.o(.text)
    WWDG_IRQHandler                          0x080003af   Thumb Code     0  startup_stm32h750xx.o(.text)
    __user_initial_stackheap                 0x080003b1   Thumb Code     0  startup_stm32h750xx.o(.text)
    __aeabi_uldivmod                         0x080003d5   Thumb Code     0  lludivv7m.o(.text)
    _ll_udiv                                 0x080003d5   Thumb Code   238  lludivv7m.o(.text)
    __aeabi_memclr4                          0x080004c3   Thumb Code     0  rt_memclr_w.o(.text)
    __aeabi_memclr8                          0x080004c3   Thumb Code     0  rt_memclr_w.o(.text)
    __rt_memclr_w                            0x080004c3   Thumb Code    78  rt_memclr_w.o(.text)
    _memset_w                                0x080004c7   Thumb Code     0  rt_memclr_w.o(.text)
    __use_two_region_memory                  0x08000511   Thumb Code     2  heapauxi.o(.text)
    __rt_heap_escrow$2region                 0x08000513   Thumb Code     2  heapauxi.o(.text)
    __rt_heap_expand$2region                 0x08000515   Thumb Code     2  heapauxi.o(.text)
    __user_setup_stackheap                   0x08000517   Thumb Code    74  sys_stackheap_outer.o(.text)
    exit                                     0x08000561   Thumb Code    18  exit.o(.text)
    __user_libspace                          0x08000575   Thumb Code     8  libspace.o(.text)
    __user_perproc_libspace                  0x08000575   Thumb Code     0  libspace.o(.text)
    __user_perthread_libspace                0x08000575   Thumb Code     0  libspace.o(.text)
    _sys_exit                                0x0800057d   Thumb Code     8  sys_exit.o(.text)
    __I$use$semihosting                      0x08000589   Thumb Code     0  use_no_semi.o(.text)
    __use_no_semihosting_swi                 0x08000589   Thumb Code     2  use_no_semi.o(.text)
    BusFault_Handler                         0x0800058b   Thumb Code     4  stm32h7xx_it.o(i.BusFault_Handler)
    __semihosting_library_function           0x0800058b   Thumb Code     0  indicate_semi.o(.text)
    DMA1_Stream0_IRQHandler                  0x08000591   Thumb Code    10  stm32h7xx_it.o(i.DMA1_Stream0_IRQHandler)
    DMA1_Stream1_IRQHandler                  0x080005a1   Thumb Code    10  stm32h7xx_it.o(i.DMA1_Stream1_IRQHandler)
    DebugMon_Handler                         0x08000b1d   Thumb Code     2  stm32h7xx_it.o(i.DebugMon_Handler)
    Error_Handler                            0x08000b1f   Thumb Code     6  main.o(i.Error_Handler)
    HAL_DMA_Abort                            0x08000b25   Thumb Code  1236  stm32h7xx_hal_dma.o(i.HAL_DMA_Abort)
    HAL_DMA_Abort_IT                         0x08001001   Thumb Code   906  stm32h7xx_hal_dma.o(i.HAL_DMA_Abort_IT)
    HAL_DMA_IRQHandler                       0x08001399   Thumb Code  2800  stm32h7xx_hal_dma.o(i.HAL_DMA_IRQHandler)
    HAL_DMA_Init                             0x08001e91   Thumb Code  1304  stm32h7xx_hal_dma.o(i.HAL_DMA_Init)
    HAL_DMA_Start_IT                         0x080023b1   Thumb Code   980  stm32h7xx_hal_dma.o(i.HAL_DMA_Start_IT)
    HAL_GPIO_Init                            0x08002791   Thumb Code   468  stm32h7xx_hal_gpio.o(i.HAL_GPIO_Init)
    HAL_GetREVID                             0x08002999   Thumb Code     8  stm32h7xx_hal.o(i.HAL_GetREVID)
    HAL_GetTick                              0x080029a5   Thumb Code     6  stm32h7xx_hal.o(i.HAL_GetTick)
    HAL_IncTick                              0x080029b1   Thumb Code    16  stm32h7xx_hal.o(i.HAL_IncTick)
    HAL_Init                                 0x080029c9   Thumb Code    80  stm32h7xx_hal.o(i.HAL_Init)
    HAL_InitTick                             0x08002a29   Thumb Code    74  stm32h7xx_hal.o(i.HAL_InitTick)
    HAL_MPU_ConfigRegion                     0x08002a81   Thumb Code    88  stm32h7xx_hal_cortex.o(i.HAL_MPU_ConfigRegion)
    HAL_MPU_Disable                          0x08002add   Thumb Code    38  stm32h7xx_hal_cortex.o(i.HAL_MPU_Disable)
    HAL_MPU_Enable                           0x08002b09   Thumb Code    58  stm32h7xx_hal_cortex.o(i.HAL_MPU_Enable)
    HAL_MspInit                              0x08002b49   Thumb Code    32  stm32h7xx_hal_msp.o(i.HAL_MspInit)
    HAL_NVIC_EnableIRQ                       0x08002b6d   Thumb Code    40  stm32h7xx_hal_cortex.o(i.HAL_NVIC_EnableIRQ)
    HAL_NVIC_SetPriority                     0x08002b95   Thumb Code   122  stm32h7xx_hal_cortex.o(i.HAL_NVIC_SetPriority)
    HAL_NVIC_SetPriorityGrouping             0x08002c11   Thumb Code    32  stm32h7xx_hal_cortex.o(i.HAL_NVIC_SetPriorityGrouping)
    HAL_PWREx_ConfigSupply                   0x08002c39   Thumb Code    90  stm32h7xx_hal_pwr_ex.o(i.HAL_PWREx_ConfigSupply)
    HAL_RCCEx_GetD3PCLK1Freq                 0x08002c99   Thumb Code    26  stm32h7xx_hal_rcc_ex.o(i.HAL_RCCEx_GetD3PCLK1Freq)
    HAL_RCCEx_GetPLL2ClockFreq               0x08002cbd   Thumb Code   536  stm32h7xx_hal_rcc_ex.o(i.HAL_RCCEx_GetPLL2ClockFreq)
    HAL_RCCEx_GetPLL3ClockFreq               0x08002eed   Thumb Code   536  stm32h7xx_hal_rcc_ex.o(i.HAL_RCCEx_GetPLL3ClockFreq)
    HAL_RCCEx_PeriphCLKConfig                0x0800311d   Thumb Code  2910  stm32h7xx_hal_rcc_ex.o(i.HAL_RCCEx_PeriphCLKConfig)
    HAL_RCC_ClockConfig                      0x08003c81   Thumb Code   774  stm32h7xx_hal_rcc.o(i.HAL_RCC_ClockConfig)
    HAL_RCC_GetHCLKFreq                      0x08003fa1   Thumb Code    60  stm32h7xx_hal_rcc.o(i.HAL_RCC_GetHCLKFreq)
    HAL_RCC_GetPCLK1Freq                     0x08003fed   Thumb Code    26  stm32h7xx_hal_rcc.o(i.HAL_RCC_GetPCLK1Freq)
    HAL_RCC_GetPCLK2Freq                     0x08004011   Thumb Code    26  stm32h7xx_hal_rcc.o(i.HAL_RCC_GetPCLK2Freq)
    HAL_RCC_GetSysClockFreq                  0x08004035   Thumb Code   524  stm32h7xx_hal_rcc.o(i.HAL_RCC_GetSysClockFreq)
    HAL_RCC_OscConfig                        0x08004261   Thumb Code  2010  stm32h7xx_hal_rcc.o(i.HAL_RCC_OscConfig)
    HAL_SYSTICK_Config                       0x08004a45   Thumb Code    52  stm32h7xx_hal_cortex.o(i.HAL_SYSTICK_Config)
    HAL_UARTEx_EnableFifoMode                0x08004a79   Thumb Code    88  stm32h7xx_hal_uart_ex.o(i.HAL_UARTEx_EnableFifoMode)
    HAL_UARTEx_RxEventCallback               0x08004ad1   Thumb Code     2  stm32h7xx_hal_uart.o(i.HAL_UARTEx_RxEventCallback)
    HAL_UARTEx_RxFifoFullCallback            0x08004ad3   Thumb Code     2  stm32h7xx_hal_uart_ex.o(i.HAL_UARTEx_RxFifoFullCallback)
    HAL_UARTEx_SetRxFifoThreshold            0x08004ad5   Thumb Code    94  stm32h7xx_hal_uart_ex.o(i.HAL_UARTEx_SetRxFifoThreshold)
    HAL_UARTEx_SetTxFifoThreshold            0x08004b33   Thumb Code    94  stm32h7xx_hal_uart_ex.o(i.HAL_UARTEx_SetTxFifoThreshold)
    HAL_UARTEx_TxFifoEmptyCallback           0x08004b91   Thumb Code     2  stm32h7xx_hal_uart_ex.o(i.HAL_UARTEx_TxFifoEmptyCallback)
    HAL_UARTEx_WakeupCallback                0x08004b93   Thumb Code     2  stm32h7xx_hal_uart_ex.o(i.HAL_UARTEx_WakeupCallback)
    HAL_UART_ErrorCallback                   0x08004b95   Thumb Code     2  stm32h7xx_hal_uart.o(i.HAL_UART_ErrorCallback)
    HAL_UART_IRQHandler                      0x08004b99   Thumb Code   960  stm32h7xx_hal_uart.o(i.HAL_UART_IRQHandler)
    HAL_UART_Init                            0x08004f6d   Thumb Code   120  stm32h7xx_hal_uart.o(i.HAL_UART_Init)
    HAL_UART_MspInit                         0x08004fe5   Thumb Code   474  stm32h7xx_hal_msp.o(i.HAL_UART_MspInit)
    HAL_UART_Transmit_DMA                    0x080051e1   Thumb Code   172  stm32h7xx_hal_uart.o(i.HAL_UART_Transmit_DMA)
    HAL_UART_TxCpltCallback                  0x08005299   Thumb Code     2  stm32h7xx_hal_uart.o(i.HAL_UART_TxCpltCallback)
    HAL_UART_TxHalfCpltCallback              0x0800529b   Thumb Code     2  stm32h7xx_hal_uart.o(i.HAL_UART_TxHalfCpltCallback)
    HardFault_Handler                        0x0800529d   Thumb Code     4  stm32h7xx_it.o(i.HardFault_Handler)
    MemManage_Handler                        0x0800549d   Thumb Code     4  stm32h7xx_it.o(i.MemManage_Handler)
    NMI_Handler                              0x080054a1   Thumb Code     4  stm32h7xx_it.o(i.NMI_Handler)
    PendSV_Handler                           0x080054a5   Thumb Code     2  stm32h7xx_it.o(i.PendSV_Handler)
    SVC_Handler                              0x08005771   Thumb Code     2  stm32h7xx_it.o(i.SVC_Handler)
    SysTick_Handler                          0x08005773   Thumb Code     8  stm32h7xx_it.o(i.SysTick_Handler)
    SystemClock_Config                       0x0800577d   Thumb Code   196  main.o(i.SystemClock_Config)
    SystemInit                               0x08005849   Thumb Code   220  system_stm32h7xx.o(i.SystemInit)
    UART5_IRQHandler                         0x0800594d   Thumb Code    10  stm32h7xx_it.o(i.UART5_IRQHandler)
    UART_AdvFeatureConfig                    0x080059b5   Thumb Code   248  stm32h7xx_hal_uart.o(i.UART_AdvFeatureConfig)
    UART_CheckIdleState                      0x08005aad   Thumb Code   118  stm32h7xx_hal_uart.o(i.UART_CheckIdleState)
    UART_SetConfig                           0x08005c5d   Thumb Code  1404  stm32h7xx_hal_uart.o(i.UART_SetConfig)
    UART_WaitOnFlagUntilTimeout              0x080061e9   Thumb Code   190  stm32h7xx_hal_uart.o(i.UART_WaitOnFlagUntilTimeout)
    USART6_IRQHandler                        0x080062a9   Thumb Code    10  stm32h7xx_it.o(i.USART6_IRQHandler)
    UsageFault_Handler                       0x080062b9   Thumb Code     4  stm32h7xx_it.o(i.UsageFault_Handler)
    main                                     0x080062f5   Thumb Code   406  main.o(i.main)
    usartirq                                 0x080064a1   Thumb Code   314  main.o(i.usartirq)
    _fp_init                                 0x080065e9   Thumb Code    10  fpinit.o(x$fpl$fpinit)
    __fplib_config_fpu_vfp                   0x080065f1   Thumb Code     0  fpinit.o(x$fpl$fpinit)
    __fplib_config_pureend_doubles           0x080065f1   Thumb Code     0  fpinit.o(x$fpl$fpinit)
    UARTPrescTable                           0x080065fa   Data          24  stm32h7xx_hal_uart.o(.constdata)
    D1CorePrescTable                         0x08006622   Data          16  system_stm32h7xx.o(.constdata)
    Region$$Table$$Base                      0x08006634   Number         0  anon$$obj.o(Region$$Table)
    Region$$Table$$Limit                     0x08006664   Number         0  anon$$obj.o(Region$$Table)
    uwTick                                   0x20000000   Data           4  stm32h7xx_hal.o(.data)
    uwTickPrio                               0x20000004   Data           4  stm32h7xx_hal.o(.data)
    uwTickFreq                               0x20000008   Data           1  stm32h7xx_hal.o(.data)
    SystemCoreClock                          0x2000000c   Data           4  system_stm32h7xx.o(.data)
    SystemD2Clock                            0x20000010   Data           4  system_stm32h7xx.o(.data)
    huart5                                   0x20000014   Data         144  main.o(.bss)
    huart6                                   0x200000a4   Data         144  main.o(.bss)
    hdma_uart5_tx                            0x20000134   Data         120  main.o(.bss)
    hdma_usart6_tx                           0x200001ac   Data         120  main.o(.bss)
    __libspace_start                         0x20000224   Data          96  libspace.o(.bss)
    __temporary_stack_top$libspace           0x20000284   Data           0  libspace.o(.bss)
    senddata                                 0x24000000   Data        1028  main.o(RAM_D1)
    dmxdemo                                  0x24000404   Data        2060  main.o(RAM_D1)



==============================================================================

Memory Map of the image

  Image Entry point : 0x08000299

  Load Region LR_IROM1 (Base: 0x08000000, Size: 0x00007288, Max: 0x00020000, ABSOLUTE, COMPRESSED[0x00006694])

    Execution Region ER_IROM1 (Exec base: 0x08000000, Load base: 0x08000000, Size: 0x00006664, Max: 0x00020000, ABSOLUTE)

    Exec Addr    Load Addr    Size         Type   Attr      Idx    E Section Name        Object

    0x08000000   0x08000000   0x00000298   Data   RO            3    RESET               startup_stm32h750xx.o
    0x08000298   0x08000298   0x00000008   Code   RO         3407  * !!!main             c_w.l(__main.o)
    0x080002a0   0x080002a0   0x00000034   Code   RO         3576    !!!scatter          c_w.l(__scatter.o)
    0x080002d4   0x080002d4   0x0000005a   Code   RO         3574    !!dczerorl2         c_w.l(__dczerorl2.o)
    0x0800032e   0x0800032e   0x00000002   PAD
    0x08000330   0x08000330   0x0000001a   Code   RO         3578    !!handler_copy      c_w.l(__scatter_copy.o)
    0x0800034a   0x0800034a   0x00000002   PAD
    0x0800034c   0x0800034c   0x0000001c   Code   RO         3580    !!handler_zi        c_w.l(__scatter_zi.o)
    0x08000368   0x08000368   0x00000002   Code   RO         3444    .ARM.Collect$$libinit$$00000000  c_w.l(libinit.o)
    0x0800036a   0x0800036a   0x00000004   Code   RO         3456    .ARM.Collect$$libinit$$00000001  c_w.l(libinit2.o)
    0x0800036e   0x0800036e   0x00000000   Code   RO         3459    .ARM.Collect$$libinit$$00000004  c_w.l(libinit2.o)
    0x0800036e   0x0800036e   0x00000000   Code   RO         3462    .ARM.Collect$$libinit$$0000000A  c_w.l(libinit2.o)
    0x0800036e   0x0800036e   0x00000000   Code   RO         3464    .ARM.Collect$$libinit$$0000000C  c_w.l(libinit2.o)
    0x0800036e   0x0800036e   0x00000000   Code   RO         3466    .ARM.Collect$$libinit$$0000000E  c_w.l(libinit2.o)
    0x0800036e   0x0800036e   0x00000000   Code   RO         3469    .ARM.Collect$$libinit$$00000011  c_w.l(libinit2.o)
    0x0800036e   0x0800036e   0x00000000   Code   RO         3471    .ARM.Collect$$libinit$$00000013  c_w.l(libinit2.o)
    0x0800036e   0x0800036e   0x00000000   Code   RO         3473    .ARM.Collect$$libinit$$00000015  c_w.l(libinit2.o)
    0x0800036e   0x0800036e   0x00000000   Code   RO         3475    .ARM.Collect$$libinit$$00000017  c_w.l(libinit2.o)
    0x0800036e   0x0800036e   0x00000000   Code   RO         3477    .ARM.Collect$$libinit$$00000019  c_w.l(libinit2.o)
    0x0800036e   0x0800036e   0x00000000   Code   RO         3479    .ARM.Collect$$libinit$$0000001B  c_w.l(libinit2.o)
    0x0800036e   0x0800036e   0x00000000   Code   RO         3481    .ARM.Collect$$libinit$$0000001D  c_w.l(libinit2.o)
    0x0800036e   0x0800036e   0x00000000   Code   RO         3483    .ARM.Collect$$libinit$$0000001F  c_w.l(libinit2.o)
    0x0800036e   0x0800036e   0x00000000   Code   RO         3485    .ARM.Collect$$libinit$$00000021  c_w.l(libinit2.o)
    0x0800036e   0x0800036e   0x00000000   Code   RO         3487    .ARM.Collect$$libinit$$00000023  c_w.l(libinit2.o)
    0x0800036e   0x0800036e   0x00000000   Code   RO         3489    .ARM.Collect$$libinit$$00000025  c_w.l(libinit2.o)
    0x0800036e   0x0800036e   0x00000000   Code   RO         3493    .ARM.Collect$$libinit$$0000002C  c_w.l(libinit2.o)
    0x0800036e   0x0800036e   0x00000000   Code   RO         3495    .ARM.Collect$$libinit$$0000002E  c_w.l(libinit2.o)
    0x0800036e   0x0800036e   0x00000000   Code   RO         3497    .ARM.Collect$$libinit$$00000030  c_w.l(libinit2.o)
    0x0800036e   0x0800036e   0x00000000   Code   RO         3499    .ARM.Collect$$libinit$$00000032  c_w.l(libinit2.o)
    0x0800036e   0x0800036e   0x00000002   Code   RO         3500    .ARM.Collect$$libinit$$00000033  c_w.l(libinit2.o)
    0x08000370   0x08000370   0x00000002   Code   RO         3531    .ARM.Collect$$libshutdown$$00000000  c_w.l(libshutdown.o)
    0x08000372   0x08000372   0x00000000   Code   RO         3557    .ARM.Collect$$libshutdown$$00000002  c_w.l(libshutdown2.o)
    0x08000372   0x08000372   0x00000000   Code   RO         3559    .ARM.Collect$$libshutdown$$00000004  c_w.l(libshutdown2.o)
    0x08000372   0x08000372   0x00000000   Code   RO         3562    .ARM.Collect$$libshutdown$$00000007  c_w.l(libshutdown2.o)
    0x08000372   0x08000372   0x00000000   Code   RO         3565    .ARM.Collect$$libshutdown$$0000000A  c_w.l(libshutdown2.o)
    0x08000372   0x08000372   0x00000000   Code   RO         3567    .ARM.Collect$$libshutdown$$0000000C  c_w.l(libshutdown2.o)
    0x08000372   0x08000372   0x00000000   Code   RO         3570    .ARM.Collect$$libshutdown$$0000000F  c_w.l(libshutdown2.o)
    0x08000372   0x08000372   0x00000002   Code   RO         3571    .ARM.Collect$$libshutdown$$00000010  c_w.l(libshutdown2.o)
    0x08000374   0x08000374   0x00000000   Code   RO         3409    .ARM.Collect$$rtentry$$00000000  c_w.l(__rtentry.o)
    0x08000374   0x08000374   0x00000000   Code   RO         3415    .ARM.Collect$$rtentry$$00000002  c_w.l(__rtentry2.o)
    0x08000374   0x08000374   0x00000006   Code   RO         3427    .ARM.Collect$$rtentry$$00000004  c_w.l(__rtentry4.o)
    0x0800037a   0x0800037a   0x00000000   Code   RO         3417    .ARM.Collect$$rtentry$$00000009  c_w.l(__rtentry2.o)
    0x0800037a   0x0800037a   0x00000004   Code   RO         3418    .ARM.Collect$$rtentry$$0000000A  c_w.l(__rtentry2.o)
    0x0800037e   0x0800037e   0x00000000   Code   RO         3420    .ARM.Collect$$rtentry$$0000000C  c_w.l(__rtentry2.o)
    0x0800037e   0x0800037e   0x00000008   Code   RO         3421    .ARM.Collect$$rtentry$$0000000D  c_w.l(__rtentry2.o)
    0x08000386   0x08000386   0x00000002   Code   RO         3448    .ARM.Collect$$rtexit$$00000000  c_w.l(rtexit.o)
    0x08000388   0x08000388   0x00000000   Code   RO         3504    .ARM.Collect$$rtexit$$00000002  c_w.l(rtexit2.o)
    0x08000388   0x08000388   0x00000004   Code   RO         3505    .ARM.Collect$$rtexit$$00000003  c_w.l(rtexit2.o)
    0x0800038c   0x0800038c   0x00000006   Code   RO         3506    .ARM.Collect$$rtexit$$00000004  c_w.l(rtexit2.o)
    0x08000392   0x08000392   0x00000002   PAD
    0x08000394   0x08000394   0x00000040   Code   RO            4    .text               startup_stm32h750xx.o
    0x080003d4   0x080003d4   0x000000ee   Code   RO         3401    .text               c_w.l(lludivv7m.o)
    0x080004c2   0x080004c2   0x0000004e   Code   RO         3403    .text               c_w.l(rt_memclr_w.o)
    0x08000510   0x08000510   0x00000006   Code   RO         3405    .text               c_w.l(heapauxi.o)
    0x08000516   0x08000516   0x0000004a   Code   RO         3431    .text               c_w.l(sys_stackheap_outer.o)
    0x08000560   0x08000560   0x00000012   Code   RO         3433    .text               c_w.l(exit.o)
    0x08000572   0x08000572   0x00000002   PAD
    0x08000574   0x08000574   0x00000008   Code   RO         3445    .text               c_w.l(libspace.o)
    0x0800057c   0x0800057c   0x0000000c   Code   RO         3501    .text               c_w.l(sys_exit.o)
    0x08000588   0x08000588   0x00000002   Code   RO         3520    .text               c_w.l(use_no_semi.o)
    0x0800058a   0x0800058a   0x00000000   Code   RO         3522    .text               c_w.l(indicate_semi.o)
    0x0800058a   0x0800058a   0x00000004   Code   RO          193    i.BusFault_Handler  stm32h7xx_it.o
    0x0800058e   0x0800058e   0x00000002   PAD
    0x08000590   0x08000590   0x00000010   Code   RO          194    i.DMA1_Stream0_IRQHandler  stm32h7xx_it.o
    0x080005a0   0x080005a0   0x00000010   Code   RO          195    i.DMA1_Stream1_IRQHandler  stm32h7xx_it.o
    0x080005b0   0x080005b0   0x000000ec   Code   RO         1180    i.DMA_CalcBaseAndBitshift  stm32h7xx_hal_dma.o
    0x0800069c   0x0800069c   0x000000c4   Code   RO         1181    i.DMA_CalcDMAMUXChannelBaseAndMask  stm32h7xx_hal_dma.o
    0x08000760   0x08000760   0x00000098   Code   RO         1182    i.DMA_CalcDMAMUXRequestGenBaseAndMask  stm32h7xx_hal_dma.o
    0x080007f8   0x080007f8   0x000000ae   Code   RO         1183    i.DMA_CheckFifoParam  stm32h7xx_hal_dma.o
    0x080008a6   0x080008a6   0x00000002   PAD
    0x080008a8   0x080008a8   0x00000274   Code   RO         1184    i.DMA_SetConfig     stm32h7xx_hal_dma.o
    0x08000b1c   0x08000b1c   0x00000002   Code   RO          196    i.DebugMon_Handler  stm32h7xx_it.o
    0x08000b1e   0x08000b1e   0x00000006   Code   RO           13    i.Error_Handler     main.o
    0x08000b24   0x08000b24   0x000004dc   Code   RO         1185    i.HAL_DMA_Abort     stm32h7xx_hal_dma.o
    0x08001000   0x08001000   0x00000398   Code   RO         1186    i.HAL_DMA_Abort_IT  stm32h7xx_hal_dma.o
    0x08001398   0x08001398   0x00000af8   Code   RO         1190    i.HAL_DMA_IRQHandler  stm32h7xx_hal_dma.o
    0x08001e90   0x08001e90   0x00000520   Code   RO         1191    i.HAL_DMA_Init      stm32h7xx_hal_dma.o
    0x080023b0   0x080023b0   0x000003e0   Code   RO         1195    i.HAL_DMA_Start_IT  stm32h7xx_hal_dma.o
    0x08002790   0x08002790   0x00000208   Code   RO         1033    i.HAL_GPIO_Init     stm32h7xx_hal_gpio.o
    0x08002998   0x08002998   0x0000000c   Code   RO         1905    i.HAL_GetREVID      stm32h7xx_hal.o
    0x080029a4   0x080029a4   0x0000000c   Code   RO         1906    i.HAL_GetTick       stm32h7xx_hal.o
    0x080029b0   0x080029b0   0x00000018   Code   RO         1912    i.HAL_IncTick       stm32h7xx_hal.o
    0x080029c8   0x080029c8   0x00000060   Code   RO         1913    i.HAL_Init          stm32h7xx_hal.o
    0x08002a28   0x08002a28   0x00000058   Code   RO         1914    i.HAL_InitTick      stm32h7xx_hal.o
    0x08002a80   0x08002a80   0x0000005c   Code   RO          335    i.HAL_MPU_ConfigRegion  stm32h7xx_hal_cortex.o
    0x08002adc   0x08002adc   0x0000002c   Code   RO          336    i.HAL_MPU_Disable   stm32h7xx_hal_cortex.o
    0x08002b08   0x08002b08   0x00000040   Code   RO          337    i.HAL_MPU_Enable    stm32h7xx_hal_cortex.o
    0x08002b48   0x08002b48   0x00000024   Code   RO          297    i.HAL_MspInit       stm32h7xx_hal_msp.o
    0x08002b6c   0x08002b6c   0x00000028   Code   RO          340    i.HAL_NVIC_EnableIRQ  stm32h7xx_hal_cortex.o
    0x08002b94   0x08002b94   0x0000007a   Code   RO          346    i.HAL_NVIC_SetPriority  stm32h7xx_hal_cortex.o
    0x08002c0e   0x08002c0e   0x00000002   PAD
    0x08002c10   0x08002c10   0x00000028   Code   RO          347    i.HAL_NVIC_SetPriorityGrouping  stm32h7xx_hal_cortex.o
    0x08002c38   0x08002c38   0x00000060   Code   RO         1634    i.HAL_PWREx_ConfigSupply  stm32h7xx_hal_pwr_ex.o
    0x08002c98   0x08002c98   0x00000024   Code   RO          596    i.HAL_RCCEx_GetD3PCLK1Freq  stm32h7xx_hal_rcc_ex.o
    0x08002cbc   0x08002cbc   0x00000230   Code   RO          598    i.HAL_RCCEx_GetPLL2ClockFreq  stm32h7xx_hal_rcc_ex.o
    0x08002eec   0x08002eec   0x00000230   Code   RO          599    i.HAL_RCCEx_GetPLL3ClockFreq  stm32h7xx_hal_rcc_ex.o
    0x0800311c   0x0800311c   0x00000b64   Code   RO          605    i.HAL_RCCEx_PeriphCLKConfig  stm32h7xx_hal_rcc_ex.o
    0x08003c80   0x08003c80   0x00000320   Code   RO          481    i.HAL_RCC_ClockConfig  stm32h7xx_hal_rcc.o
    0x08003fa0   0x08003fa0   0x0000004c   Code   RO          486    i.HAL_RCC_GetHCLKFreq  stm32h7xx_hal_rcc.o
    0x08003fec   0x08003fec   0x00000024   Code   RO          488    i.HAL_RCC_GetPCLK1Freq  stm32h7xx_hal_rcc.o
    0x08004010   0x08004010   0x00000024   Code   RO          489    i.HAL_RCC_GetPCLK2Freq  stm32h7xx_hal_rcc.o
    0x08004034   0x08004034   0x0000022c   Code   RO          490    i.HAL_RCC_GetSysClockFreq  stm32h7xx_hal_rcc.o
    0x08004260   0x08004260   0x000007e4   Code   RO          493    i.HAL_RCC_OscConfig  stm32h7xx_hal_rcc.o
    0x08004a44   0x08004a44   0x00000034   Code   RO          351    i.HAL_SYSTICK_Config  stm32h7xx_hal_cortex.o
    0x08004a78   0x08004a78   0x00000058   Code   RO         3250    i.HAL_UARTEx_EnableFifoMode  stm32h7xx_hal_uart_ex.o
    0x08004ad0   0x08004ad0   0x00000002   Code   RO         2832    i.HAL_UARTEx_RxEventCallback  stm32h7xx_hal_uart.o
    0x08004ad2   0x08004ad2   0x00000002   Code   RO         3255    i.HAL_UARTEx_RxFifoFullCallback  stm32h7xx_hal_uart_ex.o
    0x08004ad4   0x08004ad4   0x0000005e   Code   RO         3256    i.HAL_UARTEx_SetRxFifoThreshold  stm32h7xx_hal_uart_ex.o
    0x08004b32   0x08004b32   0x0000005e   Code   RO         3257    i.HAL_UARTEx_SetTxFifoThreshold  stm32h7xx_hal_uart_ex.o
    0x08004b90   0x08004b90   0x00000002   Code   RO         3259    i.HAL_UARTEx_TxFifoEmptyCallback  stm32h7xx_hal_uart_ex.o
    0x08004b92   0x08004b92   0x00000002   Code   RO         3260    i.HAL_UARTEx_WakeupCallback  stm32h7xx_hal_uart_ex.o
    0x08004b94   0x08004b94   0x00000002   Code   RO         2848    i.HAL_UART_ErrorCallback  stm32h7xx_hal_uart.o
    0x08004b96   0x08004b96   0x00000002   PAD
    0x08004b98   0x08004b98   0x000003d4   Code   RO         2851    i.HAL_UART_IRQHandler  stm32h7xx_hal_uart.o
    0x08004f6c   0x08004f6c   0x00000078   Code   RO         2852    i.HAL_UART_Init     stm32h7xx_hal_uart.o
    0x08004fe4   0x08004fe4   0x000001fc   Code   RO          299    i.HAL_UART_MspInit  stm32h7xx_hal_msp.o
    0x080051e0   0x080051e0   0x000000b8   Code   RO         2862    i.HAL_UART_Transmit_DMA  stm32h7xx_hal_uart.o
    0x08005298   0x08005298   0x00000002   Code   RO         2864    i.HAL_UART_TxCpltCallback  stm32h7xx_hal_uart.o
    0x0800529a   0x0800529a   0x00000002   Code   RO         2865    i.HAL_UART_TxHalfCpltCallback  stm32h7xx_hal_uart.o
    0x0800529c   0x0800529c   0x00000004   Code   RO          197    i.HardFault_Handler  stm32h7xx_it.o
    0x080052a0   0x080052a0   0x0000005a   Code   RO           14    i.MPU_Config        main.o
    0x080052fa   0x080052fa   0x00000002   PAD
    0x080052fc   0x080052fc   0x00000044   Code   RO           15    i.MX_DMA_Init       main.o
    0x08005340   0x08005340   0x00000074   Code   RO           16    i.MX_GPIO_Init      main.o
    0x080053b4   0x080053b4   0x00000074   Code   RO           17    i.MX_UART5_Init     main.o
    0x08005428   0x08005428   0x00000074   Code   RO           18    i.MX_USART6_UART_Init  main.o
    0x0800549c   0x0800549c   0x00000004   Code   RO          198    i.MemManage_Handler  stm32h7xx_it.o
    0x080054a0   0x080054a0   0x00000004   Code   RO          199    i.NMI_Handler       stm32h7xx_it.o
    0x080054a4   0x080054a4   0x00000002   Code   RO          200    i.PendSV_Handler    stm32h7xx_it.o
    0x080054a6   0x080054a6   0x00000002   PAD
    0x080054a8   0x080054a8   0x00000164   Code   RO          608    i.RCCEx_PLL2_Config  stm32h7xx_hal_rcc_ex.o
    0x0800560c   0x0800560c   0x00000164   Code   RO          609    i.RCCEx_PLL3_Config  stm32h7xx_hal_rcc_ex.o
    0x08005770   0x08005770   0x00000002   Code   RO          201    i.SVC_Handler       stm32h7xx_it.o
    0x08005772   0x08005772   0x00000008   Code   RO          202    i.SysTick_Handler   stm32h7xx_it.o
    0x0800577a   0x0800577a   0x00000002   PAD
    0x0800577c   0x0800577c   0x000000cc   Code   RO           19    i.SystemClock_Config  main.o
    0x08005848   0x08005848   0x00000104   Code   RO         3366    i.SystemInit        system_stm32h7xx.o
    0x0800594c   0x0800594c   0x00000010   Code   RO          203    i.UART5_IRQHandler  stm32h7xx_it.o
    0x0800595c   0x0800595c   0x00000058   Code   RO         3261    i.UARTEx_SetNbDataToProcess  stm32h7xx_hal_uart_ex.o
    0x080059b4   0x080059b4   0x000000f8   Code   RO         2866    i.UART_AdvFeatureConfig  stm32h7xx_hal_uart.o
    0x08005aac   0x08005aac   0x00000076   Code   RO         2867    i.UART_CheckIdleState  stm32h7xx_hal_uart.o
    0x08005b22   0x08005b22   0x00000018   Code   RO         2868    i.UART_DMAAbortOnError  stm32h7xx_hal_uart.o
    0x08005b3a   0x08005b3a   0x0000005e   Code   RO         2869    i.UART_DMAError     stm32h7xx_hal_uart.o
    0x08005b98   0x08005b98   0x00000036   Code   RO         2874    i.UART_DMATransmitCplt  stm32h7xx_hal_uart.o
    0x08005bce   0x08005bce   0x0000000e   Code   RO         2876    i.UART_DMATxHalfCplt  stm32h7xx_hal_uart.o
    0x08005bdc   0x08005bdc   0x0000003c   Code   RO         2878    i.UART_EndRxTransfer  stm32h7xx_hal_uart.o
    0x08005c18   0x08005c18   0x00000022   Code   RO         2879    i.UART_EndTransmit_IT  stm32h7xx_hal_uart.o
    0x08005c3a   0x08005c3a   0x00000020   Code   RO         2880    i.UART_EndTxTransfer  stm32h7xx_hal_uart.o
    0x08005c5a   0x08005c5a   0x00000002   PAD
    0x08005c5c   0x08005c5c   0x0000058c   Code   RO         2885    i.UART_SetConfig    stm32h7xx_hal_uart.o
    0x080061e8   0x080061e8   0x000000be   Code   RO         2892    i.UART_WaitOnFlagUntilTimeout  stm32h7xx_hal_uart.o
    0x080062a6   0x080062a6   0x00000002   PAD
    0x080062a8   0x080062a8   0x00000010   Code   RO          204    i.USART6_IRQHandler  stm32h7xx_it.o
    0x080062b8   0x080062b8   0x00000004   Code   RO          205    i.UsageFault_Handler  stm32h7xx_it.o
    0x080062bc   0x080062bc   0x00000010   Code   RO          353    i.__NVIC_GetPriorityGrouping  stm32h7xx_hal_cortex.o
    0x080062cc   0x080062cc   0x00000028   Code   RO          354    i.__NVIC_SetPriority  stm32h7xx_hal_cortex.o
    0x080062f4   0x080062f4   0x000001ac   Code   RO           20    i.main              main.o
    0x080064a0   0x080064a0   0x00000148   Code   RO           21    i.usartirq          main.o
    0x080065e8   0x080065e8   0x0000000a   Code   RO         3516    x$fpl$fpinit        fz_wv.l(fpinit.o)
    0x080065f2   0x080065f2   0x00000008   Data   RO         1197    .constdata          stm32h7xx_hal_dma.o
    0x080065fa   0x080065fa   0x00000018   Data   RO         2893    .constdata          stm32h7xx_hal_uart.o
    0x08006612   0x08006612   0x00000010   Data   RO         3263    .constdata          stm32h7xx_hal_uart_ex.o
    0x08006622   0x08006622   0x00000010   Data   RO         3367    .constdata          system_stm32h7xx.o
    0x08006632   0x08006632   0x00000002   PAD
    0x08006634   0x08006634   0x00000030   Data   RO         3572    Region$$Table       anon$$obj.o


    Execution Region RW_IRAM1 (Exec base: 0x20000000, Load base: 0x08006664, Size: 0x00000888, Max: 0x00020000, ABSOLUTE)

    Exec Addr    Load Addr    Size         Type   Attr      Idx    E Section Name        Object

    0x20000000   0x08006664   0x00000009   Data   RW         1935    .data               stm32h7xx_hal.o
    0x20000009   0x0800666d   0x00000003   PAD
    0x2000000c   0x08006670   0x00000008   Data   RW         3368    .data               system_stm32h7xx.o
    0x20000014        -       0x00000210   Zero   RW           22    .bss                main.o
    0x20000224        -       0x00000060   Zero   RW         3446    .bss                c_w.l(libspace.o)
    0x20000284   0x08006678   0x00000004   PAD
    0x20000288        -       0x00000200   Zero   RW            2    HEAP                startup_stm32h750xx.o
    0x20000488        -       0x00000400   Zero   RW            1    STACK               startup_stm32h750xx.o


    Execution Region RW_IRAM2 (Exec base: 0x24000000, Load base: 0x08006678, Size: 0x00000c10, Max: 0x00080000, ABSOLUTE, UNINIT, COMPRESSED[0x0000001c])

    Exec Addr    Load Addr    Size         Type   Attr      Idx    E Section Name        Object

    0x24000000   COMPRESSED   0x00000c10   Data   RW           23    RAM_D1              main.o


==============================================================================

Image component sizes


      Code (inc. data)   RO Data    RW Data    ZI Data      Debug   Object Name

      1472         82          0       3088        528    1272048   main.o
        64         26        664          0       1536        820   startup_stm32h750xx.o
       232         48          0          9          0      22580   stm32h7xx_hal.o
       510         38          0          0          0      42041   stm32h7xx_hal_cortex.o
      8662        166          8          0          0      13062   stm32h7xx_hal_dma.o
       520         52          0          0          0       1760   stm32h7xx_hal_gpio.o
       544         38          0          0          0       2048   stm32h7xx_hal_msp.o
        96          6          0          0          0        749   stm32h7xx_hal_pwr_ex.o
      3524        108          0          0          0       6772   stm32h7xx_hal_rcc.o
      4784        110          0          0          0       7101   stm32h7xx_hal_rcc_ex.o
      3580        156         24          0          0      32934   stm32h7xx_hal_uart.o
       370         10         16          0          0       5389   stm32h7xx_hal_uart_ex.o
        98         24          0          0          0       5909   stm32h7xx_it.o
       260         40         16          8          0       1370   system_stm32h7xx.o

    ----------------------------------------------------------------------
     24734        904        778       3108       2064    1414583   Object Totals
         0          0         48          0          0          0   (incl. Generated)
        18          0          2          3          0          0   (incl. Padding)

    ----------------------------------------------------------------------

      Code (inc. data)   RO Data    RW Data    ZI Data      Debug   Library Member Name

        90          0          0          0          0          0   __dczerorl2.o
         8          0          0          0          0         68   __main.o
         0          0          0          0          0          0   __rtentry.o
        12          0          0          0          0          0   __rtentry2.o
         6          0          0          0          0          0   __rtentry4.o
        52          8          0          0          0          0   __scatter.o
        26          0          0          0          0          0   __scatter_copy.o
        28          0          0          0          0          0   __scatter_zi.o
        18          0          0          0          0         80   exit.o
         6          0          0          0          0        152   heapauxi.o
         0          0          0          0          0          0   indicate_semi.o
         2          0          0          0          0          0   libinit.o
         6          0          0          0          0          0   libinit2.o
         2          0          0          0          0          0   libshutdown.o
         2          0          0          0          0          0   libshutdown2.o
         8          4          0          0         96         68   libspace.o
       238          0          0          0          0        100   lludivv7m.o
        78          0          0          0          0         80   rt_memclr_w.o
         2          0          0          0          0          0   rtexit.o
        10          0          0          0          0          0   rtexit2.o
        12          4          0          0          0         68   sys_exit.o
        74          0          0          0          0         80   sys_stackheap_outer.o
         2          0          0          0          0         68   use_no_semi.o
        10          0          0          0          0        116   fpinit.o

    ----------------------------------------------------------------------
       700         16          0          0        100        880   Library Totals
         8          0          0          0          4          0   (incl. Padding)

    ----------------------------------------------------------------------

      Code (inc. data)   RO Data    RW Data    ZI Data      Debug   Library Name

       682         16          0          0         96        764   c_w.l
        10          0          0          0          0        116   fz_wv.l

    ----------------------------------------------------------------------
       700         16          0          0        100        880   Library Totals

    ----------------------------------------------------------------------

==============================================================================


      Code (inc. data)   RO Data    RW Data    ZI Data      Debug   

     25434        920        778       3108       2164    1407271   Grand Totals
     25434        920        778         48       2164    1407271   ELF Image Totals (compressed)
     25434        920        778         48          0          0   ROM Totals

==============================================================================

    Total RO  Size (Code + RO Data)                26212 (  25.60kB)
    Total RW  Size (RW Data + ZI Data)              5272 (   5.15kB)
    Total ROM Size (Code + RO Data + RW Data)      26260 (  25.64kB)

==============================================================================

